 addon

 Timestamp is 5a895f97 (Sun Feb 18 14:12:23 2018)

 Preferred load address is 0000000180000000

 Start         Length     Name                   Class
 0001:00000000 00000020H .text$di                CODE
 0001:00000020 0000d3b0H .text$mn                CODE
 0001:0000d3d0 00000020H .text$mn$00             CODE
 0001:0000d3f0 00000260H .text$x                 CODE
 0001:0000d650 0000000cH .text$yd                CODE
 0002:00000000 00000270H .idata$5                DATA
 0002:00000270 00000010H .00cfg                  DATA
 0002:00000280 00000008H .CRT$XCA                DATA
 0002:00000288 00000008H .CRT$XCL                DATA
 0002:00000290 00000008H .CRT$XCU                DATA
 0002:00000298 00000008H .CRT$XCZ                DATA
 0002:000002a0 00000008H .CRT$XIA                DATA
 0002:000002a8 00000020H .CRT$XIC                DATA
 0002:000002c8 00000008H .CRT$XIZ                DATA
 0002:000002d0 00000008H .CRT$XLA                DATA
 0002:000002d8 00000008H .CRT$XLZ                DATA
 0002:000002e0 00000008H .CRT$XPA                DATA
 0002:000002e8 00000010H .CRT$XPX                DATA
 0002:000002f8 00000008H .CRT$XPXA               DATA
 0002:00000300 00000008H .CRT$XPZ                DATA
 0002:00000308 00000008H .CRT$XTA                DATA
 0002:00000310 00000010H .CRT$XTZ                DATA
 0002:00000320 000073b8H .rdata                  DATA
 0002:000076d8 00000028H .rdata$T                DATA
 0002:00007700 00000384H .rdata$r                DATA
 0002:00007a84 0000046cH .rdata$zzzdbg           DATA
 0002:00007ef0 00000008H .rtc$IAA                DATA
 0002:00007ef8 00000008H .rtc$IZZ                DATA
 0002:00007f00 00000008H .rtc$TAA                DATA
 0002:00007f08 00000008H .rtc$TZZ                DATA
 0002:00007f10 00000cc0H .xdata                  DATA
 0002:00008bd0 000001e8H .xdata$x                DATA
 0002:00008db8 00000000H ATL$__a                 DATA
 0002:00008db8 00000000H ATL$__z                 DATA
 0002:00008db8 00000020H .didat$2                DATA
 0002:00008dd8 00000020H .didat$3                DATA
 0002:00008df8 00000078H .didat$4                DATA
 0002:00008e70 00000398H .didat$6                DATA
 0002:00009208 00000078H .didat$7                DATA
 0002:00009280 00000050H .edata                  DATA
 0002:000092d0 00000028H .idata$2                DATA
 0002:000092f8 00000018H .idata$3                DATA
 0002:00009310 00000270H .idata$4                DATA
 0002:00009580 000005aeH .idata$6                DATA
 0003:00000000 00000920H .data                   DATA
 0003:00000920 00000118H .data$r                 DATA
 0003:00000a38 00000078H .didat$5                DATA
 0003:00000ab0 000012a8H .bss                    DATA
 0004:00000000 00000ff0H .pdata                  DATA
 0005:00000000 00000080H .gfids$x                DATA
 0005:00000080 00000050H .gfids$y                DATA
 0006:00000000 00000004H .tls                    DATA
 0006:00000004 00000004H .tls$                   DATA
 0006:00000008 00000001H .tls$ZZZ                DATA
 0007:00000000 00000060H .rsrc$01                DATA
 0007:00000060 00000180H .rsrc$02                DATA

  Address         Publics by Value              Rva+Base               Lib:Object

 0000:00000000       __guard_iat_count          0000000000000000     <absolute>
 0000:00000000       __dynamic_value_reloc_table 0000000000000000     <absolute>
 0000:00000000       __guard_iat_table          0000000000000000     <absolute>
 0000:00000000       __guard_longjmp_table      0000000000000000     <absolute>
 0000:00000000       __guard_longjmp_count      0000000000000000     <absolute>
 0000:00000000       __guard_fids_count         0000000000000000     <absolute>
 0000:00000000       ___safe_se_handler_table   0000000000000000     <absolute>
 0000:00000000       ___safe_se_handler_count   0000000000000000     <absolute>
 0000:00000000       __guard_fids_table         0000000000000000     <absolute>
 0000:00000100       __guard_flags              0000000000000100     <absolute>
 0000:00000000       __ImageBase                0000000180000000     <linker-defined>
 0001:00000020       ?NODE_SET_METHOD@node@@YAXV?$Local@VObject@v8@@@v8@@PEBDP6AXAEBV?$FunctionCallbackInfo@VValue@v8@@@3@@Z@Z 0000000180001020 f i server.obj
 0001:00000100       ?AtlThrowImpl@ATL@@YAXJ@Z  0000000180001100 f i server.obj
 0001:00000130       ?AtlThrowLastWin32@ATL@@YAXXZ 0000000180001130 f i server.obj
 0001:00000150       ?_AtlInitializeCriticalSectionEx@ATL@@YAHPEAU_RTL_CRITICAL_SECTION@@KK@Z 0000000180001150 f i server.obj
 0001:00000160       ?Utf8_to_cp1251@demo@@YA?AV?$basic_string@DU?$char_traits@D@std@@V?$allocator@D@2@@std@@PEBD@Z 0000000180001160 f   server.obj
 0001:00000700       ?cp1251_to_utf8@demo@@YA?AV?$basic_string@DU?$char_traits@D@std@@V?$allocator@D@2@@std@@PEBD@Z 0000000180001700 f   server.obj
 0001:00000ca0       ?check@demo@@YA_NV?$basic_string@DU?$char_traits@D@std@@V?$allocator@D@2@@std@@@Z 0000000180001ca0 f   server.obj
 0001:00001170       ?checkall@demo@@YA?AV?$basic_string@DU?$char_traits@D@std@@V?$allocator@D@2@@std@@XZ 0000000180002170 f   server.obj
 0001:000017c0       ?Users@demo@@YAXAEBV?$FunctionCallbackInfo@VValue@v8@@@v8@@@Z 00000001800027c0 f   server.obj
 0001:00001af0       ?GetAll@demo@@YAXAEBV?$FunctionCallbackInfo@VValue@v8@@@v8@@@Z 0000000180002af0 f   server.obj
 0001:00001be0       ?Init@demo@@YAXV?$Local@VObject@v8@@@v8@@@Z 0000000180002be0 f   server.obj
 0001:00001c30       ??1?$basic_string@DU?$char_traits@D@std@@V?$allocator@D@2@@std@@QEAA@XZ 0000000180002c30 f i server.obj
 0001:00001cc0       ??0?$basic_string@DU?$char_traits@D@std@@V?$allocator@D@2@@std@@QEAA@$$QEAV01@@Z 0000000180002cc0 f i server.obj
 0001:00001d60       ?Init@?$CW2AEX@$0IA@@ATL@@AEAAXPEB_WI@Z 0000000180002d60 f i server.obj
 0001:00001ea0       ?assign@?$basic_string@DU?$char_traits@D@std@@V?$allocator@D@2@@std@@QEAAAEAV12@PEBD_K@Z 0000000180002ea0 f i server.obj
 0001:00001fd0       ?assign@?$basic_string@DU?$char_traits@D@std@@V?$allocator@D@2@@std@@QEAAAEAV12@AEBV12@_K1@Z 0000000180002fd0 f i server.obj
 0001:00002100       ?append@?$basic_string@DU?$char_traits@D@std@@V?$allocator@D@2@@std@@QEAAAEAV12@PEBD_K@Z 0000000180003100 f i server.obj
 0001:00002250       ?append@?$basic_string@DU?$char_traits@D@std@@V?$allocator@D@2@@std@@QEAAAEAV12@AEBV12@_K1@Z 0000000180003250 f i server.obj
 0001:00002380       ?erase@?$basic_string@DU?$char_traits@D@std@@V?$allocator@D@2@@std@@QEAAAEAV12@_K0@Z 0000000180003380 f i server.obj
 0001:00002450       ?_Copy@?$basic_string@DU?$char_traits@D@std@@V?$allocator@D@2@@std@@QEAAX_K0@Z 0000000180003450 f i server.obj
 0001:000025d0       ??$AtlConvAllocMemory@D@ATL@@YAXPEAPEADHPEADH@Z 00000001800035d0 f i server.obj
 0001:000026cc       __imp_load_?ThrowException@Isolate@v8@@QEAA?AV?$Local@VValue@v8@@@2@V32@@Z 00000001800036cc f   node:node.exe
 0001:000026d8       __tailMerge_node_exe       00000001800036d8 f i node:node.exe
 0001:00002751       __imp_load_?GetCurrent@Isolate@v8@@SAPEAV12@XZ 0000000180003751 f   node:node.exe
 0001:0000275d       __imp_load_??1HandleScope@v8@@QEAA@XZ 000000018000375d f   node:node.exe
 0001:00002769       __imp_load_??0HandleScope@v8@@QEAA@PEAVIsolate@1@@Z 0000000180003769 f   node:node.exe
 0001:00002775       __imp_load_?TypeError@Exception@v8@@SA?AV?$Local@VValue@v8@@@2@V?$Local@VString@v8@@@2@@Z 0000000180003775 f   node:node.exe
 0001:00002781       __imp_load_?GetFunction@FunctionTemplate@v8@@QEAA?AV?$Local@VFunction@v8@@@2@XZ 0000000180003781 f   node:node.exe
 0001:0000278d       __imp_load_?New@FunctionTemplate@v8@@SA?AV?$Local@VFunctionTemplate@v8@@@2@PEAVIsolate@2@P6AXAEBV?$FunctionCallbackInfo@VValue@v8@@@2@@ZV?$Local@VValue@v8@@@2@V?$Local@VSignature@v8@@@2@HW4ConstructorBehavior@2@@Z 000000018000378d f   node:node.exe
 0001:00002799       __imp_load_??1Utf8Value@String@v8@@QEAA@XZ 0000000180003799 f   node:node.exe
 0001:000027a5       __imp_load_??0Utf8Value@String@v8@@QEAA@V?$Local@VValue@v8@@@2@@Z 00000001800037a5 f   node:node.exe
 0001:000027b1       __imp_load_?NewFromUtf8@String@v8@@SA?AV?$Local@VString@v8@@@2@PEAVIsolate@2@PEBDW4NewStringType@12@H@Z 00000001800037b1 f   node:node.exe
 0001:000027bd       __imp_load_?Set@Object@v8@@QEAA_NV?$Local@VValue@v8@@@2@0@Z 00000001800037bd f   node:node.exe
 0001:000027c9       __imp_load_?SetName@Function@v8@@QEAAXV?$Local@VString@v8@@@2@@Z 00000001800037c9 f   node:node.exe
 0001:000027d5       __imp_load_node_module_register 00000001800037d5 f   node:node.exe
 0001:000027e1       __imp_load_?ToString@Value@v8@@QEBA?AV?$Local@VString@v8@@@2@XZ 00000001800037e1 f   node:node.exe
 0001:000027f0       ??0bad_alloc@std@@QEAA@AEBV01@@Z 00000001800037f0 f i libcpmt:xthrow.obj
 0001:00002830       ??0bad_alloc@std@@QEAA@XZ  0000000180003830 f i libcpmt:xthrow.obj
 0001:00002850       ??0exception@std@@QEAA@AEBV01@@Z 0000000180003850 f i libcpmt:xthrow.obj
 0001:00002888       ??0length_error@std@@QEAA@AEBV01@@Z 0000000180003888 f i libcpmt:xthrow.obj
 0001:000028c8       ??0length_error@std@@QEAA@PEBD@Z 00000001800038c8 f i libcpmt:xthrow.obj
 0001:00002914       ??0logic_error@std@@QEAA@AEBV01@@Z 0000000180003914 f i libcpmt:xthrow.obj
 0001:00002954       ??0out_of_range@std@@QEAA@AEBV01@@Z 0000000180003954 f i libcpmt:xthrow.obj
 0001:00002994       ??0out_of_range@std@@QEAA@PEBD@Z 0000000180003994 f i libcpmt:xthrow.obj
 0001:000029e0       ?__scrt_throw_std_bad_alloc@@YAXXZ 00000001800039e0 f   LIBCMT:throw_bad_alloc.obj
 0001:000029e0       ?_Xbad_alloc@std@@YAXXZ    00000001800039e0 f   libcpmt:xthrow.obj
 0001:00002a00       ?_Xlength_error@std@@YAXPEBD@Z 0000000180003a00 f   libcpmt:xthrow.obj
 0001:00002a24       ?_Xout_of_range@std@@YAXPEBD@Z 0000000180003a24 f   libcpmt:xthrow.obj
 0001:00002a48       ?what@exception@std@@UEBAPEBDXZ 0000000180003a48 f i libcpmt:xthrow.obj
 0001:00002a5c       ??0CAtlBaseModule@ATL@@QEAA@XZ 0000000180003a5c f   atls:atlbase.obj
 0001:00002b04       ??1CAtlBaseModule@ATL@@QEAA@XZ 0000000180003b04 f   atls:atlbase.obj
 0001:00002b38       ??3@YAXPEAX@Z              0000000180003b38 f   LIBCMT:delete_scalar.obj
 0001:00002b50       __security_check_cookie    0000000180003b50 f   LIBCMT:_amdsecgs_.obj
 0001:00002b74       ??_V@YAXPEAX@Z             0000000180003b74 f   LIBCMT:delete_array.obj
 0001:00002b74       ??3@YAXPEAX_K@Z            0000000180003b74 f   LIBCMT:delete_scalar_size.obj
 0001:00002cc4       ??2@YAPEAX_K@Z             0000000180003cc4 f   LIBCMT:new_scalar.obj
 0001:00002d00       __scrt_acquire_startup_lock 0000000180003d00 f   LIBCMT:utility.obj
 0001:00002d3c       __scrt_dllmain_after_initialize_c 0000000180003d3c f   LIBCMT:utility.obj
 0001:00002d70       __scrt_dllmain_before_initialize_c 0000000180003d70 f   LIBCMT:utility.obj
 0001:00002d88       __scrt_dllmain_crt_thread_attach 0000000180003d88 f   LIBCMT:utility.obj
 0001:00002db0       __scrt_dllmain_crt_thread_detach 0000000180003db0 f   LIBCMT:utility.obj
 0001:00002dc8       __scrt_dllmain_exception_filter 0000000180003dc8 f   LIBCMT:utility.obj
 0001:00002e2c       __scrt_dllmain_uninitialize_c 0000000180003e2c f   LIBCMT:utility.obj
 0001:00002e5c       __scrt_dllmain_uninitialize_critical 0000000180003e5c f   LIBCMT:utility.obj
 0001:00002e70       __scrt_initialize_crt      0000000180003e70 f   LIBCMT:utility.obj
 0001:00002ebc       __scrt_initialize_onexit_tables 0000000180003ebc f   LIBCMT:utility.obj
 0001:00002f88       __scrt_is_nonwritable_in_current_image 0000000180003f88 f   LIBCMT:utility.obj
 0001:00003024       __scrt_release_startup_lock 0000000180004024 f   LIBCMT:utility.obj
 0001:00003048       __scrt_uninitialize_crt    0000000180004048 f   LIBCMT:utility.obj
 0001:00003074       _onexit                    0000000180004074 f   LIBCMT:utility.obj
 0001:000030c4       atexit                     00000001800040c4 f   LIBCMT:utility.obj
 0001:000030dc       ??_U@YAPEAX_K@Z            00000001800040dc f   LIBCMT:new_array.obj
 0001:00003430       _DllMainCRTStartup         0000000180004430 f   LIBCMT:dll_dllmain.obj
 0001:00003470       ??_Etype_info@@UEAAPEAXI@Z 0000000180004470 f i LIBCMT:std_type_info_static.obj
 0001:00003470       ??_Gtype_info@@UEAAPEAXI@Z 0000000180004470 f i LIBCMT:std_type_info_static.obj
 0001:0000349c       __raise_securityfailure    000000018000449c f   LIBCMT:gs_report.obj
 0001:000034d0       __report_gsfailure         00000001800044d0 f   LIBCMT:gs_report.obj
 0001:000035a4       __report_rangecheckfailure 00000001800045a4 f   LIBCMT:gs_report.obj
 0001:000035b8       __report_securityfailure   00000001800045b8 f   LIBCMT:gs_report.obj
 0001:00003738       __crt_debugger_hook        0000000180004738 f   LIBCMT:utility_desktop.obj
 0001:00003740       __scrt_fastfail            0000000180004740 f   LIBCMT:utility_desktop.obj
 0001:00003888       _guard_check_icall         0000000180004888 f i LIBCMT:checkcfg.obj
 0001:00003890       ??0bad_array_new_length@std@@QEAA@AEBV01@@Z 0000000180004890 f i LIBCMT:throw_bad_alloc.obj
 0001:000038d0       ??0bad_array_new_length@std@@QEAA@XZ 00000001800048d0 f i LIBCMT:throw_bad_alloc.obj
 0001:000038f0       ??1bad_array_new_length@std@@UEAA@XZ 00000001800048f0 f i LIBCMT:throw_bad_alloc.obj
 0001:000038f0       ??1length_error@std@@UEAA@XZ 00000001800048f0 f i libcpmt:xthrow.obj
 0001:000038f0       ??1out_of_range@std@@UEAA@XZ 00000001800048f0 f i libcpmt:xthrow.obj
 0001:000038f0       ??1bad_alloc@std@@UEAA@XZ  00000001800048f0 f i libcpmt:xthrow.obj
 0001:00003904       ??_Gbad_alloc@std@@UEAAPEAXI@Z 0000000180004904 f i libcpmt:xthrow.obj
 0001:00003904       ??_Elength_error@std@@UEAAPEAXI@Z 0000000180004904 f i libcpmt:xthrow.obj
 0001:00003904       ??_Eexception@std@@UEAAPEAXI@Z 0000000180004904 f i libcpmt:xthrow.obj
 0001:00003904       ??_Gbad_array_new_length@std@@UEAAPEAXI@Z 0000000180004904 f i LIBCMT:throw_bad_alloc.obj
 0001:00003904       ??_Eout_of_range@std@@UEAAPEAXI@Z 0000000180004904 f i libcpmt:xthrow.obj
 0001:00003904       ??_Glogic_error@std@@UEAAPEAXI@Z 0000000180004904 f i libcpmt:xthrow.obj
 0001:00003904       ??_Glength_error@std@@UEAAPEAXI@Z 0000000180004904 f i libcpmt:xthrow.obj
 0001:00003904       ??_Gout_of_range@std@@UEAAPEAXI@Z 0000000180004904 f i libcpmt:xthrow.obj
 0001:00003904       ??_Gexception@std@@UEAAPEAXI@Z 0000000180004904 f i libcpmt:xthrow.obj
 0001:00003904       ??_Ebad_array_new_length@std@@UEAAPEAXI@Z 0000000180004904 f i LIBCMT:throw_bad_alloc.obj
 0001:00003904       ??_Ebad_alloc@std@@UEAAPEAXI@Z 0000000180004904 f i libcpmt:xthrow.obj
 0001:00003904       ??_Elogic_error@std@@UEAAPEAXI@Z 0000000180004904 f i libcpmt:xthrow.obj
 0001:00003948       ?__scrt_throw_std_bad_array_new_length@@YAXXZ 0000000180004948 f   LIBCMT:throw_bad_alloc.obj
 0001:00003968       __isa_available_init       0000000180004968 f   LIBCMT:_cpu_disp_.obj
 0001:00003b30       _get_startup_argv_mode     0000000180004b30 f   LIBCMT:argv_mode.obj
 0001:00003b30       DllMain                    0000000180004b30 f   LIBCMT:dll_dllmain_stub.obj
 0001:00003b38       __scrt_is_ucrt_dll_in_use  0000000180004b38 f   LIBCMT:ucrt_detection.obj
 0001:00003b44       __security_init_cookie     0000000180004b44 f   LIBCMT:gs_support.obj
 0001:00003bf0       ?__scrt_initialize_type_info@@YAXXZ 0000000180004bf0 f   LIBCMT:tncleanup.obj
 0001:00003c00       ?__scrt_uninitialize_type_info@@YAXXZ 0000000180004c00 f   LIBCMT:tncleanup.obj
 0001:00003c0c       __local_stdio_printf_options 0000000180004c0c f i LIBCMT:default_local_stdio_options.obj
 0001:00003c14       __local_stdio_scanf_options 0000000180004c14 f i LIBCMT:default_local_stdio_options.obj
 0001:00003c1c       __scrt_initialize_default_local_stdio_options 0000000180004c1c f   LIBCMT:default_local_stdio_options.obj
 0001:00003c38       __scrt_get_dyn_tls_init_callback 0000000180004c38 f   LIBCMT:dyn_tls_init.obj
 0001:00003c40       _RTC_Initialize            0000000180004c40 f   LIBCMT:_initsect_.obj
 0001:00003c8c       _RTC_Terminate             0000000180004c8c f   LIBCMT:_initsect_.obj
 0001:00003cf0       memmove                    0000000180004cf0 f   libvcruntime:memcpy.obj
 0001:00003cf0       memcpy                     0000000180004cf0 f   libvcruntime:memcpy.obj
 0001:00004128       __std_exception_copy       0000000180005128 f   libvcruntime:std_exception.obj
 0001:000041b8       __std_exception_destroy    00000001800051b8 f   libvcruntime:std_exception.obj
 0001:000041e0       _CxxThrowException         00000001800051e0 f   libvcruntime:throw.obj
 0001:000042d0       memset                     00000001800052d0 f   libvcruntime:memset.obj
 0001:00004638       __vcrt_FlsAlloc            0000000180005638 f   libvcruntime:winapi_downlevel.obj
 0001:0000468c       __vcrt_FlsFree             000000018000568c f   libvcruntime:winapi_downlevel.obj
 0001:000046e0       __vcrt_FlsGetValue         00000001800056e0 f   libvcruntime:winapi_downlevel.obj
 0001:00004734       __vcrt_FlsSetValue         0000000180005734 f   libvcruntime:winapi_downlevel.obj
 0001:0000479c       __vcrt_InitializeCriticalSectionEx 000000018000579c f   libvcruntime:winapi_downlevel.obj
 0001:00004814       __vcrt_initialize_winapi_thunks 0000000180005814 f   libvcruntime:winapi_downlevel.obj
 0001:00004860       __vcrt_uninitialize_winapi_thunks 0000000180005860 f   libvcruntime:winapi_downlevel.obj
 0001:000048a0       __vcrt_initialize          00000001800058a0 f   libvcruntime:initialization.obj
 0001:000048d4       __vcrt_thread_attach       00000001800058d4 f   libvcruntime:initialization.obj
 0001:000048e8       __vcrt_thread_detach       00000001800058e8 f   libvcruntime:initialization.obj
 0001:000048fc       __vcrt_uninitialize        00000001800058fc f   libvcruntime:initialization.obj
 0001:0000491c       __vcrt_uninitialize_critical 000000018000591c f   libvcruntime:initialization.obj
 0001:0000492c       __C_specific_handler       000000018000592c f   libvcruntime:_chandler_.obj
 0001:00004b28       __std_type_info_destroy_list 0000000180005b28 f   libvcruntime:std_type_info.obj
 0001:00004b54       __vcrt_freefls             0000000180005b54 f   libvcruntime:per_thread_data.obj
 0001:00004b74       __vcrt_freeptd             0000000180005b74 f   libvcruntime:per_thread_data.obj
 0001:00004bc4       __vcrt_getptd_noexit       0000000180005bc4 f   libvcruntime:per_thread_data.obj
 0001:00004c7c       __vcrt_initialize_ptd      0000000180005c7c f   libvcruntime:per_thread_data.obj
 0001:00004cbc       __vcrt_uninitialize_ptd    0000000180005cbc f   libvcruntime:per_thread_data.obj
 0001:00004ce0       __vcrt_initialize_locks    0000000180005ce0 f   libvcruntime:locks.obj
 0001:00004d28       __vcrt_uninitialize_locks  0000000180005d28 f   libvcruntime:locks.obj
 0001:00004d60       __vcrt_initialize_pure_virtual_call_handler 0000000180005d60 f   libvcruntime:purevirt_data.obj
 0001:00004da0       _local_unwind              0000000180005da0 f   libvcruntime:_jmpuwind_.obj
 0001:00004dd0       _NLG_Notify                0000000180005dd0 f   libvcruntime:_jmpuwind_.obj
 0001:00004df0       __NLG_Dispatch2            0000000180005df0 f   libvcruntime:_jmpuwind_.obj
 0001:00004e00       __NLG_Return2              0000000180005e00 f   libvcruntime:_jmpuwind_.obj
 0001:00004e04       _guard_check_icall_nop     0000000180005e04 f   LIBCMT:guard_support.obj
 0001:00004e04       __except_validate_context_record 0000000180005e04 f   libvcruntime:jbcxrval.obj
 0001:00004e08       calloc                     0000000180005e08 f   libucrt:calloc.obj
 0001:00004e10       _recalloc                  0000000180005e10 f   libucrt:recalloc.obj
 0001:00004e18       _recalloc_base             0000000180005e18 f   libucrt:recalloc.obj
 0001:00004eb0       free                       0000000180005eb0 f   libucrt:free.obj
 0001:00004eb8       __acrt_call_reportfault    0000000180005eb8 f   libucrt:invalid_parameter.obj
 0001:00005014       __acrt_initialize_invalid_parameter_handler 0000000180006014 f   libucrt:invalid_parameter.obj
 0001:0000501c       _invalid_parameter         000000018000601c f   libucrt:invalid_parameter.obj
 0001:000050c4       _invalid_parameter_noinfo  00000001800060c4 f   libucrt:invalid_parameter.obj
 0001:000050e4       _invalid_parameter_noinfo_noreturn 00000001800060e4 f   libucrt:invalid_parameter.obj
 0001:00005114       _invoke_watson             0000000180006114 f   libucrt:invalid_parameter.obj
 0001:0000515c       ??0_LocaleUpdate@@QEAA@QEAU__crt_locale_pointers@@@Z 000000018000615c f i libucrt:stricmp.obj
 0001:000051ec       __ascii_stricmp            00000001800061ec f   libucrt:stricmp.obj
 0001:00005228       _stricmp                   0000000180006228 f   libucrt:stricmp.obj
 0001:00005270       _stricmp_l                 0000000180006270 f   libucrt:stricmp.obj
 0001:00005324       __acrt_errno_from_os_error 0000000180006324 f   libucrt:errno.obj
 0001:0000536c       __acrt_errno_map_os_error  000000018000636c f   libucrt:errno.obj
 0001:000053bc       __doserrno                 00000001800063bc f   libucrt:errno.obj
 0001:000053dc       _errno                     00000001800063dc f   libucrt:errno.obj
 0001:000053fc       __acrt_initialize_new_handler 00000001800063fc f   libucrt:new_handler.obj
 0001:00005404       _callnewh                  0000000180006404 f   libucrt:new_handler.obj
 0001:00005444       _query_new_handler         0000000180006444 f   libucrt:new_handler.obj
 0001:00005478       malloc                     0000000180006478 f   libucrt:malloc.obj
 0001:00005480       _seh_filter_dll            0000000180006480 f   libucrt:exception_filter.obj
 0001:00005494       _seh_filter_exe            0000000180006494 f   libucrt:exception_filter.obj
 0001:00005854       __acrt_initialize_thread_local_exit_callback 0000000180006854 f   libucrt:exit.obj
 0001:0000585c       _cexit                     000000018000685c f   libucrt:exit.obj
 0001:0000586c       _exit                      000000018000686c f   libucrt:exit.obj
 0001:00005878       _is_c_termination_complete 0000000180006878 f   libucrt:exit.obj
 0001:00005a3c       __acrt_allocate_buffer_for_argv 0000000180006a3c f   libucrt:argv_parsing.obj
 0001:00005aa0       _configure_narrow_argv     0000000180006aa0 f   libucrt:argv_parsing.obj
 0001:00005dfc       __dcrt_uninitialize_environments_nolock 0000000180006dfc f   libucrt:environment_initialization.obj
 0001:00005e34       _initialize_narrow_environment 0000000180006e34 f   libucrt:environment_initialization.obj
 0001:00005e3c       ??$?RV<lambda_b8c45f8f788dd370798f47cfe8ac3a86>@@AEAV<lambda_4e60a939b0d047cfe11ddc22648dfba9>@@V<lambda_332c3edc96d0294ec56c57d38c1cdfd5>@@@?$__crt_seh_guarded_call@H@@QEAAH$$QEAV<lambda_b8c45f8f788dd370798f47cfe8ac3a86>@@AEAV<lambda_4e60a939b0d047cfe11ddc22648dfba9>@@$$QEAV<lambda_332c3edc96d0294ec56c57d38c1cdfd5>@@@Z 0000000180006e3c f i libucrt:onexit.obj
 0001:00005e78       ??$?RV<lambda_e24bbb7b643b32fcea6fa61b31d4c984>@@AEAV<lambda_275893d493268fdec8709772e3fcec0e>@@V<lambda_9d71df4d7cf3f480f8d633942495c3b0>@@@?$__crt_seh_guarded_call@H@@QEAAH$$QEAV<lambda_e24bbb7b643b32fcea6fa61b31d4c984>@@AEAV<lambda_275893d493268fdec8709772e3fcec0e>@@$$QEAV<lambda_9d71df4d7cf3f480f8d633942495c3b0>@@@Z 0000000180006e78 f i libucrt:onexit.obj
 0001:000061f4       _crt_atexit                00000001800071f4 f   libucrt:onexit.obj
 0001:00006204       _execute_onexit_table      0000000180007204 f   libucrt:onexit.obj
 0001:00006240       _initialize_onexit_table   0000000180007240 f   libucrt:onexit.obj
 0001:00006280       _register_onexit_function  0000000180007280 f   libucrt:onexit.obj
 0001:000063fc       __acrt_uninitialize_command_line 00000001800073fc f   libucrt:argv_data.obj
 0001:00006400       __acrt_initialize          0000000180007400 f   libucrt:initialization.obj
 0001:00006414       __acrt_thread_attach       0000000180007414 f   libucrt:initialization.obj
 0001:00006428       __acrt_thread_detach       0000000180007428 f   libucrt:initialization.obj
 0001:00006438       __acrt_uninitialize        0000000180007438 f   libucrt:initialization.obj
 0001:0000644c       __acrt_uninitialize_critical 000000018000744c f   libucrt:initialization.obj
 0001:0000645c       _initterm                  000000018000745c f   libucrt:initterm.obj
 0001:000064d4       _initterm_e                00000001800074d4 f   libucrt:initterm.obj
 0001:00006520       terminate                  0000000180007520 f   libucrt:terminate.obj
 0001:00006548       strcpy_s                   0000000180007548 f   libucrt:strcpy_s.obj
 0001:000065a8       _free_base                 00000001800075a8 f   libucrt:free_base.obj
 0001:000065e8       _malloc_base               00000001800075e8 f   libucrt:malloc_base.obj
 0001:00006648       abort                      0000000180007648 f   libucrt:abort.obj
 0001:000066a0       _calloc_base               00000001800076a0 f   libucrt:calloc_base.obj
 0001:00006718       _msize                     0000000180007718 f   libucrt:msize.obj
 0001:00006754       _realloc_base              0000000180007754 f   libucrt:realloc_base.obj
 0001:000067d8       ??$?RV<lambda_46352004c1216016012b18bd6f87e700>@@AEAV<lambda_3bd07e1a1191394380780325891bf33f>@@V<lambda_334532d3f185bcaa59b5be82d7d22bff>@@@?$__crt_seh_guarded_call@X@@QEAAX$$QEAV<lambda_46352004c1216016012b18bd6f87e700>@@AEAV<lambda_3bd07e1a1191394380780325891bf33f>@@$$QEAV<lambda_334532d3f185bcaa59b5be82d7d22bff>@@@Z 00000001800077d8 f i libucrt:per_thread_data.obj
 0001:00006838       ??$?RV<lambda_5e887d1dcbef67a5eb4283622ba103bf>@@AEAV<lambda_4466841279450cc726390878d4a41900>@@V<lambda_341c25c0346d94847f1f3c463c57e077>@@@?$__crt_seh_guarded_call@X@@QEAAX$$QEAV<lambda_5e887d1dcbef67a5eb4283622ba103bf>@@AEAV<lambda_4466841279450cc726390878d4a41900>@@$$QEAV<lambda_341c25c0346d94847f1f3c463c57e077>@@@Z 0000000180007838 f i libucrt:per_thread_data.obj
 0001:00006880       ??$?RV<lambda_72d1df2b273a38828b1ce30cbf4cdab5>@@AEAV<lambda_876a65b173b8412d3a47c70a915b0cf4>@@V<lambda_41932305e351933ebe8f8be3ed8bb5dc>@@@?$__crt_seh_guarded_call@X@@QEAAX$$QEAV<lambda_72d1df2b273a38828b1ce30cbf4cdab5>@@AEAV<lambda_876a65b173b8412d3a47c70a915b0cf4>@@$$QEAV<lambda_41932305e351933ebe8f8be3ed8bb5dc>@@@Z 0000000180007880 f i libucrt:per_thread_data.obj
 0001:000068c0       ??$?RV<lambda_fb3a7dec4e47f37f22dae91bb15c9095>@@AEAV<lambda_698284760c8add0bfb0756c19673e34b>@@V<lambda_dfb8eca1e75fef3034a8fb18dd509707>@@@?$__crt_seh_guarded_call@X@@QEAAX$$QEAV<lambda_fb3a7dec4e47f37f22dae91bb15c9095>@@AEAV<lambda_698284760c8add0bfb0756c19673e34b>@@$$QEAV<lambda_dfb8eca1e75fef3034a8fb18dd509707>@@@Z 00000001800078c0 f i libucrt:per_thread_data.obj
 0001:00006b50       __acrt_freeptd             0000000180007b50 f   libucrt:per_thread_data.obj
 0001:00006b94       __acrt_getptd              0000000180007b94 f   libucrt:per_thread_data.obj
 0001:00006c28       __acrt_getptd_noexit       0000000180007c28 f   libucrt:per_thread_data.obj
 0001:00006cc8       __acrt_initialize_ptd      0000000180007cc8 f   libucrt:per_thread_data.obj
 0001:00006d04       __acrt_uninitialize_ptd    0000000180007d04 f   libucrt:per_thread_data.obj
 0001:00006d78       _tolower_l                 0000000180007d78 f   libucrt:tolower_toupper.obj
 0001:00006eb8       __acrt_update_locale_info  0000000180007eb8 f   libucrt:locale_update.obj
 0001:00006eec       __acrt_update_multibyte_info 0000000180007eec f   libucrt:locale_update.obj
 0001:00006f20       __acrt_set_locale_changed  0000000180007f20 f   libucrt:wsetlocale.obj
 0001:00006f2c       __acrt_uninitialize_locale 0000000180007f2c f   libucrt:wsetlocale.obj
 0001:00006f74       __acrt_initialize_locks    0000000180007f74 f   libucrt:locks.obj
 0001:00006fbc       __acrt_lock                0000000180007fbc f   libucrt:locks.obj
 0001:00006fd8       __acrt_uninitialize_locks  0000000180007fd8 f   libucrt:locks.obj
 0001:00007010       __acrt_unlock              0000000180008010 f   libucrt:locks.obj
 0001:000071cc       __acrt_FlsAlloc            00000001800081cc f   libucrt:winapi_thunks.obj
 0001:00007224       __acrt_FlsFree             0000000180008224 f   libucrt:winapi_thunks.obj
 0001:0000727c       __acrt_FlsGetValue         000000018000827c f   libucrt:winapi_thunks.obj
 0001:000072d4       __acrt_FlsSetValue         00000001800082d4 f   libucrt:winapi_thunks.obj
 0001:0000733c       __acrt_InitializeCriticalSectionEx 000000018000833c f   libucrt:winapi_thunks.obj
 0001:000073b4       __acrt_LCMapStringEx       00000001800083b4 f   libucrt:winapi_thunks.obj
 0001:000074a4       __acrt_LocaleNameToLCID    00000001800084a4 f   libucrt:winapi_thunks.obj
 0001:0000750c       __acrt_initialize_winapi_thunks 000000018000850c f   libucrt:winapi_thunks.obj
 0001:00007544       __acrt_is_packaged_app     0000000180008544 f   libucrt:winapi_thunks.obj
 0001:000075cc       __acrt_uninitialize_winapi_thunks 00000001800085cc f   libucrt:winapi_thunks.obj
 0001:00007aec       ?expand_if_necessary@?$argument_list@D@?A0xca0879c4@@AEAAHXZ 0000000180008aec f i libucrt:argv_wildcards.obj
 0001:00007bb4       __acrt_expand_narrow_argv_wildcards 0000000180008bb4 f   libucrt:argv_wildcards.obj
 0001:00007bbc       ??$?RV<lambda_99476a1ad63dd22509b5d3e65b0ffc95>@@AEAV<lambda_ad1ced32f4ac17aa236e5ef05d6b3b7c>@@V<lambda_f7424dd8d45958661754dc4f2697e9c3>@@@?$__crt_seh_guarded_call@X@@QEAAX$$QEAV<lambda_99476a1ad63dd22509b5d3e65b0ffc95>@@AEAV<lambda_ad1ced32f4ac17aa236e5ef05d6b3b7c>@@$$QEAV<lambda_f7424dd8d45958661754dc4f2697e9c3>@@@Z 0000000180008bbc f i libucrt:mbctype.obj
 0001:000082b8       __acrt_initialize_multibyte 00000001800092b8 f   libucrt:mbctype.obj
 0001:000082e0       __acrt_update_thread_multibyte_data 00000001800092e0 f   libucrt:mbctype.obj
 0001:000083a0       _setmbcp_nolock            00000001800093a0 f   libucrt:mbctype.obj
 0001:000086c0       _ismbblead                 00000001800096c0 f   libucrt:ismbbyte.obj
 0001:000086d4       __acrt_initialize_command_line 00000001800096d4 f   libucrt:argv_data.obj
 0001:000086fc       __dcrt_get_narrow_environment_from_os 00000001800096fc f   libucrt:get_environment_from_os.obj
 0001:00008800       __acrt_initialize_heap     0000000180009800 f   libucrt:heap_handle.obj
 0001:0000881c       __acrt_uninitialize_heap   000000018000981c f   libucrt:heap_handle.obj
 0001:00008a10       __acrt_initialize_lowio    0000000180009a10 f   libucrt:ioinit.obj
 0001:00008a4c       __acrt_uninitialize_lowio  0000000180009a4c f   libucrt:ioinit.obj
 0001:00008a8c       __acrt_execute_initializers 0000000180009a8c f   libucrt:shared_initialization.obj
 0001:00008b20       __acrt_execute_uninitializers 0000000180009b20 f   libucrt:shared_initialization.obj
 0001:00008b70       ??$?RV<lambda_c36588078e9f5dfd39652860aa6b3aaf>@@AEAV<lambda_ec61778202f4f5fc7e7711acc23c3bca>@@V<lambda_dc9d2797ccde5d239b4a0efae8ebd7db>@@@?$__crt_seh_guarded_call@P6AXH@Z@@QEAAP6AXH@Z$$QEAV<lambda_c36588078e9f5dfd39652860aa6b3aaf>@@AEAV<lambda_ec61778202f4f5fc7e7711acc23c3bca>@@$$QEAV<lambda_dc9d2797ccde5d239b4a0efae8ebd7db>@@@Z 0000000180009b70 f i libucrt:signal.obj
 0001:00008bb8       __acrt_get_sigabrt_handler 0000000180009bb8 f   libucrt:signal.obj
 0001:00008be8       __acrt_initialize_signal_handlers 0000000180009be8 f   libucrt:signal.obj
 0001:00008c08       raise                      0000000180009c08 f   libucrt:signal.obj
 0001:00008ea4       __acrt_has_user_matherr    0000000180009ea4 f   libucrt:matherr.obj
 0001:00008ec4       __acrt_initialize_user_matherr 0000000180009ec4 f   libucrt:matherr.obj
 0001:00008ecc       __acrt_invoke_user_matherr 0000000180009ecc f   libucrt:matherr.obj
 0001:00008f14       _query_new_mode            0000000180009f14 f   libucrt:new_mode.obj
 0001:00008f1c       _mbtowc_l                  0000000180009f1c f   libucrt:mbtowc.obj
 0001:00009064       mbtowc                     000000018000a064 f   libucrt:mbtowc.obj
 0001:0000906c       _fileno                    000000018000a06c f   libucrt:fileno.obj
 0001:00009094       __acrt_initialize_stdio    000000018000a094 f   libucrt:_file.obj
 0001:000091b4       __acrt_uninitialize_stdio  000000018000a1b4 f   libucrt:_file.obj
 0001:00009210       _lock_file                 000000018000a210 f   libucrt:_file.obj
 0001:0000921c       _unlock_file               000000018000a21c f   libucrt:_file.obj
 0001:00009228       __pctype_func              000000018000a228 f   libucrt:ctype.obj
 0001:00009258       _isctype_l                 000000018000a258 f   libucrt:isctype.obj
 0001:00009368       __acrt_add_locale_ref      000000018000a368 f   libucrt:locale_refcounting.obj
 0001:000093f4       __acrt_free_locale         000000018000a3f4 f   libucrt:locale_refcounting.obj
 0001:0000956c       __acrt_locale_add_lc_time_reference 000000018000a56c f   libucrt:locale_refcounting.obj
 0001:00009594       __acrt_locale_free_lc_time_if_unreferenced 000000018000a594 f   libucrt:locale_refcounting.obj
 0001:000095cc       __acrt_locale_release_lc_time_reference 000000018000a5cc f   libucrt:locale_refcounting.obj
 0001:000095f4       __acrt_release_locale_ref  000000018000a5f4 f   libucrt:locale_refcounting.obj
 0001:0000969c       __acrt_update_thread_locale_data 000000018000a69c f   libucrt:locale_refcounting.obj
 0001:0000970c       _updatetlocinfoEx_nolock   000000018000a70c f   libucrt:locale_refcounting.obj
 0001:00009774       _isleadbyte_l              000000018000a774 f i libucrt:_wctype.obj
 0001:00009b10       __acrt_LCMapStringA        000000018000ab10 f   libucrt:lcmapstringa.obj
 0001:00009ba8       __acrt_locale_free_monetary 000000018000aba8 f   libucrt:initmon.obj
 0001:00009cb4       __acrt_locale_free_numeric 000000018000acb4 f   libucrt:initnum.obj
 0001:00009d78       __acrt_locale_free_time    000000018000ad78 f   libucrt:inittime.obj
 0001:00009e80       __acrt_GetStringTypeA      000000018000ae80 f   libucrt:getstringtypea.obj
 0001:0000a0fc       __acrt_DownlevelLocaleNameToLCID 000000018000b0fc f   libucrt:lcidtoname_downlevel.obj
 0001:0000a200       qsort                      000000018000b200 f   libucrt:qsort.obj
 0001:0000a534       strncpy_s                  000000018000b534 f   libucrt:strncpy_s.obj
 0001:0000a608       strpbrk                    000000018000b608 f   libucrt:strpbrk.obj
 0001:0000a6a8       _mbsdec                    000000018000b6a8 f   libucrt:mbsdec.obj
 0001:0000a6b0       _mbsdec_l                  000000018000b6b0 f   libucrt:mbsdec.obj
 0001:0000a760       __acrt_lowio_create_handle_array 000000018000b760 f   libucrt:osfinfo.obj
 0001:0000a7f8       __acrt_lowio_destroy_handle_array 000000018000b7f8 f   libucrt:osfinfo.obj
 0001:0000a848       __acrt_lowio_ensure_fh_exists 000000018000b848 f   libucrt:osfinfo.obj
 0001:0000a900       __acrt_lowio_lock_fh       000000018000b900 f   libucrt:osfinfo.obj
 0001:0000a924       __acrt_lowio_unlock_fh     000000018000b924 f   libucrt:osfinfo.obj
 0001:0000a948       _free_osfhnd               000000018000b948 f   libucrt:osfinfo.obj
 0001:0000aa04       _get_osfhandle             000000018000ba04 f   libucrt:osfinfo.obj
 0001:0000aa7c       _isatty                    000000018000ba7c f   libucrt:isatty.obj
 0001:0000aadc       __acrt_stdio_flush_nolock  000000018000badc f   libucrt:fflush.obj
 0001:0000ab54       _fflush_nolock             000000018000bb54 f   libucrt:fflush.obj
 0001:0000aba0       _flushall                  000000018000bba0 f   libucrt:fflush.obj
 0001:0000ac90       _fcloseall                 000000018000bc90 f   libucrt:closeall.obj
 0001:0000ad44       __acrt_stdio_free_buffer_nolock 000000018000bd44 f   libucrt:_freebuf.obj
 0001:0000ad84       __strncnt                  000000018000bd84 f   libucrt:strncnt.obj
 0001:0000ad9c       _query_app_type            000000018000bd9c f   libucrt:report_runtime_error.obj
 0001:0000ada4       ??$?RV<lambda_b521505b218e5242e90febf6bfebc422>@@AEAV<lambda_6978c1fb23f02e42e1d9e99668cc68aa>@@V<lambda_314360699dd331753a4119843814e9a7>@@@?$__crt_seh_guarded_call@H@@QEAAH$$QEAV<lambda_b521505b218e5242e90febf6bfebc422>@@AEAV<lambda_6978c1fb23f02e42e1d9e99668cc68aa>@@$$QEAV<lambda_314360699dd331753a4119843814e9a7>@@@Z 000000018000bda4 f i libucrt:commit.obj
 0001:0000ae30       _commit                    000000018000be30 f   libucrt:commit.obj
 0001:0000b464       _write                     000000018000c464 f   libucrt:write.obj
 0001:0000b550       _write_nolock              000000018000c550 f   libucrt:write.obj
 0001:0000b840       log10                      000000018000c840 f   libucrt:log10.obj
 0001:0000be88       _lseeki64_nolock           000000018000ce88 f   libucrt:lseek.obj
 0001:0000be90       _fclose_nolock             000000018000ce90 f   libucrt:fclose.obj
 0001:0000bf14       fclose                     000000018000cf14 f   libucrt:fclose.obj
 0001:0000bf80       _putwch_nolock             000000018000cf80 f   libucrt:putwch.obj
 0001:0000c100       _handle_error              000000018000d100 f   libucrt:libm_error.obj
 0001:0000c230       __acrt_initialize_fma3     000000018000d230 f   libucrt:fma3_available.obj
 0001:0000c2a0       _log10_special             000000018000d2a0 f   libucrt:log_special.obj
 0001:0000c358       ??$?RV<lambda_bfedae4ebbf01fab1bb6dcc6a9e276e0>@@AEAV<lambda_2fe9b910cf3cbf4a0ab98a02ba45b3ec>@@V<lambda_237c231691f317818eb88cc1d5d642d6>@@@?$__crt_seh_guarded_call@H@@QEAAH$$QEAV<lambda_bfedae4ebbf01fab1bb6dcc6a9e276e0>@@AEAV<lambda_2fe9b910cf3cbf4a0ab98a02ba45b3ec>@@$$QEAV<lambda_237c231691f317818eb88cc1d5d642d6>@@@Z 000000018000d358 f i libucrt:close.obj
 0001:0000c3cc       _close                     000000018000d3cc f   libucrt:close.obj
 0001:0000c470       _close_nolock              000000018000d470 f   libucrt:close.obj
 0001:0000c52c       ?__acrt_stdio_free_stream@@YAXV__crt_stdio_stream@@@Z 000000018000d52c f   libucrt:stream.obj
 0001:0000c570       __dcrt_lowio_initialize_console_output 000000018000d570 f   libucrt:initcon.obj
 0001:0000c5ac       __dcrt_terminate_console_output 000000018000d5ac f   libucrt:initcon.obj
 0001:0000c5e0       _get_fpsr                  000000018000d5e0 f   libucrt:fpsr.obj
 0001:0000c5f0       _set_fpsr                  000000018000d5f0 f   libucrt:fpsr.obj
 0001:0000c5fa       _fclrf                     000000018000d5fa f   libucrt:fpsr.obj
 0001:0000c60e       _frnd                      000000018000d60e f   libucrt:fpsr.obj
 0001:0000c630       _raise_exc                 000000018000d630 f   libucrt:fpexcept.obj
 0001:0000c658       _raise_exc_ex              000000018000d658 f   libucrt:fpexcept.obj
 0001:0000c960       _set_errno_from_matherr    000000018000d960 f   libucrt:fpexcept.obj
 0001:0000c990       _clrfp                     000000018000d990 f   libucrt:fpctrl.obj
 0001:0000c9b0       _ctrlfp                    000000018000d9b0 f   libucrt:fpctrl.obj
 0001:0000ca2c       _set_statfp                000000018000da2c f   libucrt:fpctrl.obj
 0001:0000ca4c       _statfp                    000000018000da4c f   libucrt:fpctrl.obj
 0001:0000ca5e       IsProcessorFeaturePresent  000000018000da5e f   kernel32:KERNEL32.dll
 0001:0000ca64       RtlUnwindEx                000000018000da64 f   kernel32:KERNEL32.dll
 0001:0000ca6c       ?DloadAcquireSectionWriteAccess@@YAXXZ 000000018000da6c f i DelayImp:delayhlp.obj
 0001:0000cb28       ?DloadGetSRWLockFunctionPointers@@YAEXZ 000000018000db28 f i DelayImp:delayhlp.obj
 0001:0000cbc4       ?DloadMakePermanentImageCommit@@YAXPEAX_K@Z 000000018000dbc4 f i DelayImp:delayhlp.obj
 0001:0000cc5c       ?DloadObtainSection@@YAPEAXPEAK0@Z 000000018000dc5c f i DelayImp:delayhlp.obj
 0001:0000ccf4       ?DloadProtectSection@@YAXKPEAK@Z 000000018000dcf4 f i DelayImp:delayhlp.obj
 0001:0000cd84       ?DloadReleaseSectionWriteAccess@@YAXXZ 000000018000dd84 f i DelayImp:delayhlp.obj
 0001:0000ce28       __delayLoadHelper2         000000018000de28 f   DelayImp:delayhlp.obj
 0001:0000d130       _FindPESection             000000018000e130 f   LIBCMT:pesect.obj
 0001:0000d180       _IsNonwritableInCurrentImage 000000018000e180 f   LIBCMT:pesect.obj
 0001:0000d1d0       _ValidateImageBase         000000018000e1d0 f   LIBCMT:pesect.obj
 0001:0000d200       __GSHandlerCheck           000000018000e200 f   LIBCMT:_gshandler_.obj
 0001:0000d220       __GSHandlerCheckCommon     000000018000e220 f   LIBCMT:_gshandler_.obj
 0001:0000d290       _alloca_probe              000000018000e290 f   LIBCMT:_chkstk_.obj
 0001:0000d290       __chkstk                   000000018000e290 f   LIBCMT:_chkstk_.obj
 0001:0000d300       memcmp                     000000018000e300 f   libvcruntime:memcmp.obj
 0001:0000d3e0       _guard_dispatch_icall_nop  000000018000e3e0 f   LIBCMT:_guard_dispatch_.obj
 0002:00000000       __imp_HeapFree             000000018000f000     kernel32:KERNEL32.dll
 0002:00000008       __imp_InitializeCriticalSectionEx 000000018000f008     kernel32:KERNEL32.dll
 0002:00000010       __imp_HeapSize             000000018000f010     kernel32:KERNEL32.dll
 0002:00000018       __imp_MultiByteToWideChar  000000018000f018     kernel32:KERNEL32.dll
 0002:00000020       __imp_GetLastError         000000018000f020     kernel32:KERNEL32.dll
 0002:00000028       __imp_HeapReAlloc          000000018000f028     kernel32:KERNEL32.dll
 0002:00000030       __imp_RaiseException       000000018000f030     kernel32:KERNEL32.dll
 0002:00000038       __imp_HeapAlloc            000000018000f038     kernel32:KERNEL32.dll
 0002:00000040       __imp_DeleteCriticalSection 000000018000f040     kernel32:KERNEL32.dll
 0002:00000048       __imp_GetProcessHeap       000000018000f048     kernel32:KERNEL32.dll
 0002:00000050       __imp_WideCharToMultiByte  000000018000f050     kernel32:KERNEL32.dll
 0002:00000058       __imp_GetModuleHandleA     000000018000f058     kernel32:KERNEL32.dll
 0002:00000060       __imp_VirtualQuery         000000018000f060     kernel32:KERNEL32.dll
 0002:00000068       __imp_VirtualProtect       000000018000f068     kernel32:KERNEL32.dll
 0002:00000070       __imp_GetSystemInfo        000000018000f070     kernel32:KERNEL32.dll
 0002:00000078       __imp_CreateFileW          000000018000f078     kernel32:KERNEL32.dll
 0002:00000080       __imp_IsDebuggerPresent    000000018000f080     kernel32:KERNEL32.dll
 0002:00000088       __imp_OutputDebugStringW   000000018000f088     kernel32:KERNEL32.dll
 0002:00000090       __imp_EnterCriticalSection 000000018000f090     kernel32:KERNEL32.dll
 0002:00000098       __imp_LeaveCriticalSection 000000018000f098     kernel32:KERNEL32.dll
 0002:000000a0       __imp_CloseHandle          000000018000f0a0     kernel32:KERNEL32.dll
 0002:000000a8       __imp_CreateEventW         000000018000f0a8     kernel32:KERNEL32.dll
 0002:000000b0       __imp_GetModuleHandleW     000000018000f0b0     kernel32:KERNEL32.dll
 0002:000000b8       __imp_GetProcAddress       000000018000f0b8     kernel32:KERNEL32.dll
 0002:000000c0       __imp_RtlCaptureContext    000000018000f0c0     kernel32:KERNEL32.dll
 0002:000000c8       __imp_RtlLookupFunctionEntry 000000018000f0c8     kernel32:KERNEL32.dll
 0002:000000d0       __imp_RtlVirtualUnwind     000000018000f0d0     kernel32:KERNEL32.dll
 0002:000000d8       __imp_UnhandledExceptionFilter 000000018000f0d8     kernel32:KERNEL32.dll
 0002:000000e0       __imp_SetUnhandledExceptionFilter 000000018000f0e0     kernel32:KERNEL32.dll
 0002:000000e8       __imp_GetCurrentProcess    000000018000f0e8     kernel32:KERNEL32.dll
 0002:000000f0       __imp_TerminateProcess     000000018000f0f0     kernel32:KERNEL32.dll
 0002:000000f8       __imp_IsProcessorFeaturePresent 000000018000f0f8     kernel32:KERNEL32.dll
 0002:00000100       __imp_GetStartupInfoW      000000018000f100     kernel32:KERNEL32.dll
 0002:00000108       __imp_QueryPerformanceCounter 000000018000f108     kernel32:KERNEL32.dll
 0002:00000110       __imp_GetCurrentProcessId  000000018000f110     kernel32:KERNEL32.dll
 0002:00000118       __imp_GetCurrentThreadId   000000018000f118     kernel32:KERNEL32.dll
 0002:00000120       __imp_GetSystemTimeAsFileTime 000000018000f120     kernel32:KERNEL32.dll
 0002:00000128       __imp_InitializeSListHead  000000018000f128     kernel32:KERNEL32.dll
 0002:00000130       __imp_RtlPcToFileHeader    000000018000f130     kernel32:KERNEL32.dll
 0002:00000138       __imp_InitializeCriticalSectionAndSpinCount 000000018000f138     kernel32:KERNEL32.dll
 0002:00000140       __imp_TlsAlloc             000000018000f140     kernel32:KERNEL32.dll
 0002:00000148       __imp_TlsGetValue          000000018000f148     kernel32:KERNEL32.dll
 0002:00000150       __imp_TlsSetValue          000000018000f150     kernel32:KERNEL32.dll
 0002:00000158       __imp_TlsFree              000000018000f158     kernel32:KERNEL32.dll
 0002:00000160       __imp_FreeLibrary          000000018000f160     kernel32:KERNEL32.dll
 0002:00000168       __imp_LoadLibraryExW       000000018000f168     kernel32:KERNEL32.dll
 0002:00000170       __imp_RtlUnwindEx          000000018000f170     kernel32:KERNEL32.dll
 0002:00000178       __imp_InterlockedFlushSList 000000018000f178     kernel32:KERNEL32.dll
 0002:00000180       __imp_SetLastError         000000018000f180     kernel32:KERNEL32.dll
 0002:00000188       __imp_ExitProcess          000000018000f188     kernel32:KERNEL32.dll
 0002:00000190       __imp_GetModuleHandleExW   000000018000f190     kernel32:KERNEL32.dll
 0002:00000198       __imp_GetModuleFileNameA   000000018000f198     kernel32:KERNEL32.dll
 0002:000001a0       __imp_GetACP               000000018000f1a0     kernel32:KERNEL32.dll
 0002:000001a8       __imp_LCMapStringW         000000018000f1a8     kernel32:KERNEL32.dll
 0002:000001b0       __imp_FindClose            000000018000f1b0     kernel32:KERNEL32.dll
 0002:000001b8       __imp_FindFirstFileExA     000000018000f1b8     kernel32:KERNEL32.dll
 0002:000001c0       __imp_FindNextFileA        000000018000f1c0     kernel32:KERNEL32.dll
 0002:000001c8       __imp_IsValidCodePage      000000018000f1c8     kernel32:KERNEL32.dll
 0002:000001d0       __imp_GetOEMCP             000000018000f1d0     kernel32:KERNEL32.dll
 0002:000001d8       __imp_GetCPInfo            000000018000f1d8     kernel32:KERNEL32.dll
 0002:000001e0       __imp_GetCommandLineA      000000018000f1e0     kernel32:KERNEL32.dll
 0002:000001e8       __imp_GetCommandLineW      000000018000f1e8     kernel32:KERNEL32.dll
 0002:000001f0       __imp_GetEnvironmentStringsW 000000018000f1f0     kernel32:KERNEL32.dll
 0002:000001f8       __imp_FreeEnvironmentStringsW 000000018000f1f8     kernel32:KERNEL32.dll
 0002:00000200       __imp_GetStdHandle         000000018000f200     kernel32:KERNEL32.dll
 0002:00000208       __imp_GetFileType          000000018000f208     kernel32:KERNEL32.dll
 0002:00000210       __imp_GetStringTypeW       000000018000f210     kernel32:KERNEL32.dll
 0002:00000218       __imp_SetStdHandle         000000018000f218     kernel32:KERNEL32.dll
 0002:00000220       __imp_WriteFile            000000018000f220     kernel32:KERNEL32.dll
 0002:00000228       __imp_FlushFileBuffers     000000018000f228     kernel32:KERNEL32.dll
 0002:00000230       __imp_GetConsoleCP         000000018000f230     kernel32:KERNEL32.dll
 0002:00000238       __imp_GetConsoleMode       000000018000f238     kernel32:KERNEL32.dll
 0002:00000240       __imp_SetFilePointerEx     000000018000f240     kernel32:KERNEL32.dll
 0002:00000248       __imp_WriteConsoleW        000000018000f248     kernel32:KERNEL32.dll
 0002:00000250       __imp_LoadLibraryExA       000000018000f250     kernel32:KERNEL32.dll
 0002:00000258       \177KERNEL32_NULL_THUNK_DATA 000000018000f258     kernel32:KERNEL32.dll
 0002:00000260       __imp_NetUserEnum          000000018000f260     netapi32:NETAPI32.dll
 0002:00000268       \177NETAPI32_NULL_THUNK_DATA 000000018000f268     netapi32:NETAPI32.dll
 0002:00000270       __guard_check_icall_fptr   000000018000f270     LIBCMT:guard_support.obj
 0002:00000278       __guard_dispatch_icall_fptr 000000018000f278     LIBCMT:guard_support.obj
 0002:00000280       __xc_a                     000000018000f280     LIBCMT:initializers.obj
 0002:00000290       _register_addon_           000000018000f290     server.obj
 0002:00000298       __xc_z                     000000018000f298     LIBCMT:initializers.obj
 0002:000002a0       __xi_a                     000000018000f2a0     LIBCMT:initializers.obj
 0002:000002b0       __acrt_multibyte_initializer 000000018000f2b0     libucrt:multibyte_initializer.obj
 0002:000002b8       __acrt_stdio_initializer   000000018000f2b8     libucrt:stdio_initializer.obj
 0002:000002c0       __acrt_tran_fma3_initializer 000000018000f2c0     libucrt:fma3_initializer.obj
 0002:000002c8       __xi_z                     000000018000f2c8     LIBCMT:initializers.obj
 0002:000002d0       __xl_a                     000000018000f2d0     LIBCMT:tlssup.obj
 0002:000002d8       __xl_z                     000000018000f2d8     LIBCMT:tlssup.obj
 0002:000002e0       __xp_a                     000000018000f2e0     LIBCMT:initializers.obj
 0002:000002e8       __acrt_locale_terminator   000000018000f2e8     libucrt:locale_initializer.obj
 0002:000002f0       __dcrt_console_output_terminator 000000018000f2f0     libucrt:console_output_initializer.obj
 0002:000002f8       __acrt_stdio_terminator    000000018000f2f8     libucrt:stdio_initializer.obj
 0002:00000300       __xp_z                     000000018000f300     LIBCMT:initializers.obj
 0002:00000308       __xt_a                     000000018000f308     LIBCMT:initializers.obj
 0002:00000310       __xt_z                     000000018000f310     LIBCMT:initializers.obj
 0002:00000320       __sz_node_exe              000000018000f320     node:node.exe
 0002:00000338       ??_7exception@std@@6B@     000000018000f338     libcpmt:xthrow.obj
 0002:00000348       ??_C@_0BC@EOODALEL@Unknown?5exception?$AA@ 000000018000f348     libcpmt:xthrow.obj
 0002:00000368       ??_7bad_alloc@std@@6B@     000000018000f368     libcpmt:xthrow.obj
 0002:00000378       ??_C@_0P@GHFPNOJB@bad?5allocation?$AA@ 000000018000f378     libcpmt:xthrow.obj
 0002:00000390       ??_7logic_error@std@@6B@   000000018000f390     libcpmt:xthrow.obj
 0002:000003a8       ??_7length_error@std@@6B@  000000018000f3a8     libcpmt:xthrow.obj
 0002:000003c0       ??_7out_of_range@std@@6B@  000000018000f3c0     libcpmt:xthrow.obj
 0002:000003d0       GUID_ATLVer110             000000018000f3d0     atls:atlbase.obj
 0002:000003e0       ??_C@_1IC@ONKHOIDK@?$AAE?$AAR?$AAR?$AAO?$AAR?$AA?5?$AA?3?$AA?5?$AAU?$AAn?$AAa?$AAb?$AAl?$AAe?$AA?5?$AAt?$AAo?$AA?5?$AAi?$AAn?$AAi?$AAt?$AAi?$AAa?$AAl?$AAi?$AAz?$AAe?$AA?5?$AAc?$AAr?$AAi@ 000000018000f3e0     atls:atlbase.obj
 0002:00000468       ??_C@_1BK@MGMFAEKH@?$AAk?$AAe?$AAr?$AAn?$AAe?$AAl?$AA3?$AA2?$AA?4?$AAd?$AAl?$AAl?$AA?$AA@ 000000018000f468     LIBCMT:thread_safe_statics.obj
 0002:00000488       ??_C@_0BM@HLJJNPAH@InitializeConditionVariable?$AA@ 000000018000f488     LIBCMT:thread_safe_statics.obj
 0002:000004a8       ??_C@_0BJ@JEBJOJFJ@SleepConditionVariableCS?$AA@ 000000018000f4a8     LIBCMT:thread_safe_statics.obj
 0002:000004c8       ??_C@_0BJ@PGPPEPCC@WakeAllConditionVariable?$AA@ 000000018000f4c8     LIBCMT:thread_safe_statics.obj
 0002:000004e8       _pRawDllMain               000000018000f4e8     LIBCMT:dll_dllmain.obj
 0002:000004e8       _pDefaultRawDllMain        000000018000f4e8     LIBCMT:dll_dllmain.obj
 0002:000004f8       ??_7type_info@@6B@         000000018000f4f8     LIBCMT:std_type_info_static.obj
 0002:00000518       ??_7bad_array_new_length@std@@6B@ 000000018000f518     LIBCMT:throw_bad_alloc.obj
 0002:00000528       ??_C@_0BF@KINCDENJ@bad?5array?5new?5length?$AA@ 000000018000f528     LIBCMT:throw_bad_alloc.obj
 0002:000005a0       ??_C@_1BC@DNHGCMLG@?$AAa?$AAd?$AAv?$AAa?$AAp?$AAi?$AA3?$AA2?$AA?$AA@ 000000018000f5a0     libvcruntime:winapi_downlevel.obj
 0002:000005b8       ??_C@_1DM@KHCHBNEB@?$AAa?$AAp?$AAi?$AA?9?$AAm?$AAs?$AA?9?$AAw?$AAi?$AAn?$AA?9?$AAc?$AAo?$AAr?$AAe?$AA?9?$AAf?$AAi?$AAb?$AAe?$AAr?$AAs?$AA?9?$AAl?$AA1?$AA?9?$AA1?$AA?9?$AA1?$AA?$AA@ 000000018000f5b8     libvcruntime:winapi_downlevel.obj
 0002:000005f8       ??_C@_1DK@LPPGFMPP@?$AAa?$AAp?$AAi?$AA?9?$AAm?$AAs?$AA?9?$AAw?$AAi?$AAn?$AA?9?$AAc?$AAo?$AAr?$AAe?$AA?9?$AAs?$AAy?$AAn?$AAc?$AAh?$AA?9?$AAl?$AA1?$AA?9?$AA2?$AA?9?$AA0?$AA?$AA@ 000000018000f5f8     libvcruntime:winapi_downlevel.obj
 0002:00000638       ??_C@_1BC@GDMECMAK@?$AAk?$AAe?$AAr?$AAn?$AAe?$AAl?$AA3?$AA2?$AA?$AA@ 000000018000f638     libvcruntime:winapi_downlevel.obj
 0002:00000658       ??_C@_08KNHFBNJ@FlsAlloc?$AA@ 000000018000f658     libvcruntime:winapi_downlevel.obj
 0002:00000670       ??_C@_07PEJMOBNF@FlsFree?$AA@ 000000018000f670     libvcruntime:winapi_downlevel.obj
 0002:00000680       ??_C@_0M@GDNOONDI@FlsGetValue?$AA@ 000000018000f680     libvcruntime:winapi_downlevel.obj
 0002:00000698       ??_C@_0M@JCPCPOEF@FlsSetValue?$AA@ 000000018000f698     libvcruntime:winapi_downlevel.obj
 0002:000006b0       ??_C@_0BM@HCFOFFN@InitializeCriticalSectionEx?$AA@ 000000018000f6b0     libvcruntime:winapi_downlevel.obj
 0002:000009f0       ??_C@_08EHJDFFNH@__based?$CI?$AA@ 000000018000f9f0     libvcruntime:undname.obj
 0002:00000a00       ??_C@_07KOLFKCDI@__cdecl?$AA@ 000000018000fa00     libvcruntime:undname.obj
 0002:00000a08       ??_C@_08GHMPAG@__pascal?$AA@ 000000018000fa08     libvcruntime:undname.obj
 0002:00000a18       ??_C@_09IFJBGAPI@__stdcall?$AA@ 000000018000fa18     libvcruntime:undname.obj
 0002:00000a28       ??_C@_0L@NPHFGOKO@__thiscall?$AA@ 000000018000fa28     libvcruntime:undname.obj
 0002:00000a38       ??_C@_0L@JMKHOMEK@__fastcall?$AA@ 000000018000fa38     libvcruntime:undname.obj
 0002:00000a48       ??_C@_0N@BCKKPABJ@__vectorcall?$AA@ 000000018000fa48     libvcruntime:undname.obj
 0002:00000a58       ??_C@_09HIJEGCPM@__clrcall?$AA@ 000000018000fa58     libvcruntime:undname.obj
 0002:00000a64       ??_C@_06GHPCKEAG@__eabi?$AA@ 000000018000fa64     libvcruntime:undname.obj
 0002:00000a70       ??_C@_07JOMMBBKO@__ptr64?$AA@ 000000018000fa70     libvcruntime:undname.obj
 0002:00000a78       ??_C@_0L@PILCLIHE@__restrict?$AA@ 000000018000fa78     libvcruntime:undname.obj
 0002:00000a88       ??_C@_0M@GFIIJFMG@__unaligned?$AA@ 000000018000fa88     libvcruntime:undname.obj
 0002:00000a98       ??_C@_09DHDLOLLB@restrict?$CI?$AA@ 000000018000fa98     libvcruntime:undname.obj
 0002:00000aa2       ??_C@_00CNPNBAHC@?$AA@     000000018000faa2     libvcruntime:undname.obj
 0002:00000aa4       ??_C@_04NIHEBCM@?5new?$AA@ 000000018000faa4     libvcruntime:undname.obj
 0002:00000ab0       ??_C@_07FPCDHGMM@?5delete?$AA@ 000000018000fab0     libvcruntime:undname.obj
 0002:00000ab8       ??_C@_01NEMOKFLO@?$DN?$AA@ 000000018000fab8     libvcruntime:undname.obj
 0002:00000abc       ??_C@_02GPIOPFAK@?$DO?$DO?$AA@ 000000018000fabc     libvcruntime:undname.obj
 0002:00000ac0       ??_C@_02FODMEDOG@?$DM?$DM?$AA@ 000000018000fac0     libvcruntime:undname.obj
 0002:00000ac4       ??_C@_01DCLJPIOD@?$CB?$AA@ 000000018000fac4     libvcruntime:undname.obj
 0002:00000ac8       ??_C@_02EGOFBIJA@?$DN?$DN?$AA@ 000000018000fac8     libvcruntime:undname.obj
 0002:00000acc       ??_C@_02FDNJECIE@?$CB?$DN?$AA@ 000000018000facc     libvcruntime:undname.obj
 0002:00000ad0       ??_C@_02GPECMEKF@?$FL?$FN?$AA@ 000000018000fad0     libvcruntime:undname.obj
 0002:00000ad8       ??_C@_08LHJFAFGD@operator?$AA@ 000000018000fad8     libvcruntime:undname.obj
 0002:00000ae4       ??_C@_02HBOOOICD@?9?$DO?$AA@ 000000018000fae4     libvcruntime:undname.obj
 0002:00000ae8       ??_C@_01NBENCBCI@?$CK?$AA@ 000000018000fae8     libvcruntime:undname.obj
 0002:00000aec       ??_C@_02ECNGHCIF@?$CL?$CL?$AA@ 000000018000faec     libvcruntime:undname.obj
 0002:00000af0       ??_C@_02BAABKJLB@?9?9?$AA@ 000000018000faf0     libvcruntime:undname.obj
 0002:00000af4       ??_C@_01JOAMLHOP@?9?$AA@   000000018000faf4     libvcruntime:undname.obj
 0002:00000af8       ??_C@_01MIFGBAGJ@?$CL?$AA@ 000000018000faf8     libvcruntime:undname.obj
 0002:00000afc       ??_C@_01HNPIGOCE@?$CG?$AA@ 000000018000fafc     libvcruntime:undname.obj
 0002:00000b00       ??_C@_03MNHNFDLC@?9?$DO?$CK?$AA@ 000000018000fb00     libvcruntime:undname.obj
 0002:00000b04       ??_C@_01KMDKNFGN@?1?$AA@   000000018000fb04     libvcruntime:undname.obj
 0002:00000b08       ??_C@_01FGNFDNOH@?$CF?$AA@ 000000018000fb08     libvcruntime:undname.obj
 0002:00000b0c       ??_C@_01MNNFJEPP@?$DM?$AA@ 000000018000fb0c     libvcruntime:undname.obj
 0002:00000b10       ??_C@_02EHCHHCKH@?$DM?$DN?$AA@ 000000018000fb10     libvcruntime:undname.obj
 0002:00000b14       ??_C@_01PPODPGHN@?$DO?$AA@ 000000018000fb14     libvcruntime:undname.obj
 0002:00000b18       ??_C@_02EEKDKGMJ@?$DO?$DN?$AA@ 000000018000fb18     libvcruntime:undname.obj
 0002:00000b1c       ??_C@_01IHBHIGKO@?0?$AA@   000000018000fb1c     libvcruntime:undname.obj
 0002:00000b20       ??_C@_02HCKGKOFO@?$CI?$CJ?$AA@ 000000018000fb20     libvcruntime:undname.obj
 0002:00000b24       ??_C@_01PJKLJHI@?$HO?$AA@  000000018000fb24     libvcruntime:undname.obj
 0002:00000b28       ??_C@_01JKBOJNNK@?$FO?$AA@ 000000018000fb28     libvcruntime:undname.obj
 0002:00000b2c       ??_C@_01DNKMNLPK@?$HM?$AA@ 000000018000fb2c     libvcruntime:undname.obj
 0002:00000b30       ??_C@_02PPKAJPJL@?$CG?$CG?$AA@ 000000018000fb30     libvcruntime:undname.obj
 0002:00000b34       ??_C@_02NONPIBCD@?$HM?$HM?$AA@ 000000018000fb34     libvcruntime:undname.obj
 0002:00000b38       ??_C@_02FPIMKNGF@?$CK?$DN?$AA@ 000000018000fb38     libvcruntime:undname.obj
 0002:00000b3c       ??_C@_02FOEOMHFC@?$CL?$DN?$AA@ 000000018000fb3c     libvcruntime:undname.obj
 0002:00000b40       ??_C@_02FKMDLLOA@?9?$DN?$AA@ 000000018000fb40     libvcruntime:undname.obj
 0002:00000b44       ??_C@_02FJEHGPIO@?1?$DN?$AA@ 000000018000fb44     libvcruntime:undname.obj
 0002:00000b48       ??_C@_02FENAOKFI@?$CF?$DN?$AA@ 000000018000fb48     libvcruntime:undname.obj
 0002:00000b4c       ??_C@_03IKFCCPFF@?$DO?$DO?$DN?$AA@ 000000018000fb4c     libvcruntime:undname.obj
 0002:00000b50       ??_C@_03CDNPDDLA@?$DM?$DM?$DN?$AA@ 000000018000fb50     libvcruntime:undname.obj
 0002:00000b54       ??_C@_02FGJGFEAB@?$CG?$DN?$AA@ 000000018000fb54     libvcruntime:undname.obj
 0002:00000b58       ??_C@_02DHLNPPGH@?$HM?$DN?$AA@ 000000018000fb58     libvcruntime:undname.obj
 0002:00000b5c       ??_C@_02MHEGNOJ@?$FO?$DN?$AA@ 000000018000fb5c     libvcruntime:undname.obj
 0002:00000b60       ??_C@_09IFPLHPGF@?$GAvftable?8?$AA@ 000000018000fb60     libvcruntime:undname.obj
 0002:00000b70       ??_C@_09BLBHBJP@?$GAvbtable?8?$AA@ 000000018000fb70     libvcruntime:undname.obj
 0002:00000b80       ??_C@_07FEEIOKP@?$GAvcall?8?$AA@ 000000018000fb80     libvcruntime:undname.obj
 0002:00000b88       ??_C@_08LLFFHHDJ@?$GAtypeof?8?$AA@ 000000018000fb88     libvcruntime:undname.obj
 0002:00000b98       ??_C@_0BF@KDPPACIK@?$GAlocal?5static?5guard?8?$AA@ 000000018000fb98     libvcruntime:undname.obj
 0002:00000bb0       ??_C@_08OBABFOLI@?$GAstring?8?$AA@ 000000018000fbb0     libvcruntime:undname.obj
 0002:00000bc0       ??_C@_0BD@JDLKDPAB@?$GAvbase?5destructor?8?$AA@ 000000018000fbc0     libvcruntime:undname.obj
 0002:00000bd8       ??_C@_0BN@DEGPLNFK@?$GAvector?5deleting?5destructor?8?$AA@ 000000018000fbd8     libvcruntime:undname.obj
 0002:00000bf8       ??_C@_0BO@OBMKPJIG@?$GAdefault?5constructor?5closure?8?$AA@ 000000018000fbf8     libvcruntime:undname.obj
 0002:00000c18       ??_C@_0BN@IMDCHIKM@?$GAscalar?5deleting?5destructor?8?$AA@ 000000018000fc18     libvcruntime:undname.obj
 0002:00000c38       ??_C@_0BO@PFGOCPJJ@?$GAvector?5constructor?5iterator?8?$AA@ 000000018000fc38     libvcruntime:undname.obj
 0002:00000c58       ??_C@_0BN@LFPFMEDL@?$GAvector?5destructor?5iterator?8?$AA@ 000000018000fc58     libvcruntime:undname.obj
 0002:00000c78       ??_C@_0CE@IKBNEHA@?$GAvector?5vbase?5constructor?5iterat@ 000000018000fc78     libvcruntime:undname.obj
 0002:00000ca0       ??_C@_0BL@NILFHHPC@?$GAvirtual?5displacement?5map?8?$AA@ 000000018000fca0     libvcruntime:undname.obj
 0002:00000cc0       ??_C@_0CB@JONCMFFK@?$GAeh?5vector?5constructor?5iterator?8@ 000000018000fcc0     libvcruntime:undname.obj
 0002:00000ce8       ??_C@_0CA@GCEOPDGL@?$GAeh?5vector?5destructor?5iterator?8?$AA@ 000000018000fce8     libvcruntime:undname.obj
 0002:00000d08       ??_C@_0CH@OOJPLCPH@?$GAeh?5vector?5vbase?5constructor?5ite@ 000000018000fd08     libvcruntime:undname.obj
 0002:00000d30       ??_C@_0BL@LLKPOHJI@?$GAcopy?5constructor?5closure?8?$AA@ 000000018000fd30     libvcruntime:undname.obj
 0002:00000d50       ??_C@_0BA@KBCDOMBN@?$GAudt?5returning?8?$AA@ 000000018000fd50     libvcruntime:undname.obj
 0002:00000d60       ??_C@_03KLGMFNMG@?$GAEH?$AA@ 000000018000fd60     libvcruntime:undname.obj
 0002:00000d64       ??_C@_05KHLCHHI@?$GARTTI?$AA@ 000000018000fd64     libvcruntime:undname.obj
 0002:00000d70       ??_C@_0BA@KKLDJDLB@?$GAlocal?5vftable?8?$AA@ 000000018000fd70     libvcruntime:undname.obj
 0002:00000d80       ??_C@_0CE@IIHCMGGL@?$GAlocal?5vftable?5constructor?5closu@ 000000018000fd80     libvcruntime:undname.obj
 0002:00000da4       ??_C@_06FHBGPFGH@?5new?$FL?$FN?$AA@ 000000018000fda4     libvcruntime:undname.obj
 0002:00000db0       ??_C@_09LBNFPBCA@?5delete?$FL?$FN?$AA@ 000000018000fdb0     libvcruntime:undname.obj
 0002:00000dc0       ??_C@_0P@HJKNJFNN@?$GAomni?5callsig?8?$AA@ 000000018000fdc0     libvcruntime:undname.obj
 0002:00000dd0       ??_C@_0BL@CNOONJFP@?$GAplacement?5delete?5closure?8?$AA@ 000000018000fdd0     libvcruntime:undname.obj
 0002:00000df0       ??_C@_0BN@CKNJLHMB@?$GAplacement?5delete?$FL?$FN?5closure?8?$AA@ 000000018000fdf0     libvcruntime:undname.obj
 0002:00000e10       ??_C@_0CG@CFDHKGGD@?$GAmanaged?5vector?5constructor?5iter@ 000000018000fe10     libvcruntime:undname.obj
 0002:00000e38       ??_C@_0CF@IMGKMJNO@?$GAmanaged?5vector?5destructor?5itera@ 000000018000fe38     libvcruntime:undname.obj
 0002:00000e60       ??_C@_0CG@HLDDJMAG@?$GAeh?5vector?5copy?5constructor?5iter@ 000000018000fe60     libvcruntime:undname.obj
 0002:00000e88       ??_C@_0CM@FCBBDIGB@?$GAeh?5vector?5vbase?5copy?5constructo@ 000000018000fe88     libvcruntime:undname.obj
 0002:00000eb8       ??_C@_0BL@CLIPGLGB@?$GAdynamic?5initializer?5for?5?8?$AA@ 000000018000feb8     libvcruntime:undname.obj
 0002:00000ed8       ??_C@_0CB@PDBIFEP@?$GAdynamic?5atexit?5destructor?5for?5?8@ 000000018000fed8     libvcruntime:undname.obj
 0002:00000f00       ??_C@_0CD@CGAJBKEJ@?$GAvector?5copy?5constructor?5iterato@ 000000018000ff00     libvcruntime:undname.obj
 0002:00000f28       ??_C@_0CJ@GJELGAMM@?$GAvector?5vbase?5copy?5constructor?5i@ 000000018000ff28     libvcruntime:undname.obj
 0002:00000f58       ??_C@_0CL@FGIJHLCE@?$GAmanaged?5vector?5copy?5constructor@ 000000018000ff58     libvcruntime:undname.obj
 0002:00000f88       ??_C@_0BM@PMGGMLDN@?$GAlocal?5static?5thread?5guard?8?$AA@ 000000018000ff88     libvcruntime:undname.obj
 0002:00000fa8       ??_C@_0N@BDNMDMOL@operator?5?$CC?$CC?5?$AA@ 000000018000ffa8     libvcruntime:undname.obj
 0002:00000fb8       ??_C@_0BC@DAFEJGAK@?5Type?5Descriptor?8?$AA@ 000000018000ffb8     libvcruntime:undname.obj
 0002:00000fd0       ??_C@_0BM@LDKODKLH@?5Base?5Class?5Descriptor?5at?5?$CI?$AA@ 000000018000ffd0     libvcruntime:undname.obj
 0002:00000ff0       ??_C@_0BD@LGICGFMM@?5Base?5Class?5Array?8?$AA@ 000000018000fff0     libvcruntime:undname.obj
 0002:00001008       ??_C@_0BN@MECKDCOJ@?5Class?5Hierarchy?5Descriptor?8?$AA@ 0000000180010008     libvcruntime:undname.obj
 0002:00001028       ??_C@_0BK@CFCOFLF@?5Complete?5Object?5Locator?8?$AA@ 0000000180010028     libvcruntime:undname.obj
 0002:000011c0       __acrt_exception_action_table 00000001800101c0     libucrt:exception_filter.obj
 0002:00001280       __acrt_signal_action_table_count 0000000180010280     libucrt:exception_filter.obj
 0002:00001288       __acrt_signal_action_first_fpe_index 0000000180010288     libucrt:exception_filter.obj
 0002:00001290       __acrt_signal_action_fpe_count 0000000180010290     libucrt:exception_filter.obj
 0002:00001298       ??_C@_1BI@BGOHAHKC@?$AAm?$AAs?$AAc?$AAo?$AAr?$AAe?$AAe?$AA?4?$AAd?$AAl?$AAl?$AA?$AA@ 0000000180010298     libucrt:exit.obj
 0002:000012b0       ??_C@_0P@MIGLKIOC@CorExitProcess?$AA@ 00000001800102b0     libucrt:exit.obj
 0002:000013b0       __lc_time_c                00000001800103b0     libucrt:nlsdata.obj
 0002:00001670       ??_C@_03KOEHGMDN@Sun?$AA@  0000000180010670     libucrt:nlsdata.obj
 0002:00001674       ??_C@_03PDAGKDH@Mon?$AA@   0000000180010674     libucrt:nlsdata.obj
 0002:00001678       ??_C@_03NAGEINEP@Tue?$AA@  0000000180010678     libucrt:nlsdata.obj
 0002:0000167c       ??_C@_03MHOMLAJA@Wed?$AA@  000000018001067c     libucrt:nlsdata.obj
 0002:00001680       ??_C@_03IOFIKPDN@Thu?$AA@  0000000180010680     libucrt:nlsdata.obj
 0002:00001684       ??_C@_03IDIOELNC@Fri?$AA@  0000000180010684     libucrt:nlsdata.obj
 0002:00001688       ??_C@_03FEFJNEK@Sat?$AA@   0000000180010688     libucrt:nlsdata.obj
 0002:0000168c       ??_C@_06OOPIFAJ@Sunday?$AA@ 000000018001068c     libucrt:nlsdata.obj
 0002:00001694       ??_C@_06JLEDEDGH@Monday?$AA@ 0000000180010694     libucrt:nlsdata.obj
 0002:000016a0       ??_C@_07BAAGCFCM@Tuesday?$AA@ 00000001800106a0     libucrt:nlsdata.obj
 0002:000016a8       ??_C@_09DLIGFAKA@Wednesday?$AA@ 00000001800106a8     libucrt:nlsdata.obj
 0002:000016b8       ??_C@_08HACCIKIA@Thursday?$AA@ 00000001800106b8     libucrt:nlsdata.obj
 0002:000016c4       ??_C@_06JECMNKMI@Friday?$AA@ 00000001800106c4     libucrt:nlsdata.obj
 0002:000016d0       ??_C@_08INBOOONO@Saturday?$AA@ 00000001800106d0     libucrt:nlsdata.obj
 0002:000016dc       ??_C@_03JIHJHPIE@Jan?$AA@  00000001800106dc     libucrt:nlsdata.obj
 0002:000016e0       ??_C@_03HJBDCHOM@Feb?$AA@  00000001800106e0     libucrt:nlsdata.obj
 0002:000016e4       ??_C@_03ODNJBKGA@Mar?$AA@  00000001800106e4     libucrt:nlsdata.obj
 0002:000016e8       ??_C@_03LEOLGMJP@Apr?$AA@  00000001800106e8     libucrt:nlsdata.obj
 0002:000016ec       ??_C@_03CNMDKL@May?$AA@    00000001800106ec     libucrt:nlsdata.obj
 0002:000016f0       ??_C@_03IDFGHECI@Jun?$AA@  00000001800106f0     libucrt:nlsdata.obj
 0002:000016f4       ??_C@_03LBGABGKK@Jul?$AA@  00000001800106f4     libucrt:nlsdata.obj
 0002:000016f8       ??_C@_03IFJFEIGA@Aug?$AA@  00000001800106f8     libucrt:nlsdata.obj
 0002:000016fc       ??_C@_03GGCAPAJC@Sep?$AA@  00000001800106fc     libucrt:nlsdata.obj
 0002:00001700       ??_C@_03BMAOKBAD@Oct?$AA@  0000000180010700     libucrt:nlsdata.obj
 0002:00001704       ??_C@_03JPJOFNIA@Nov?$AA@  0000000180010704     libucrt:nlsdata.obj
 0002:00001708       ??_C@_03MKABNOCG@Dec?$AA@  0000000180010708     libucrt:nlsdata.obj
 0002:00001710       ??_C@_07CGJPFGJA@January?$AA@ 0000000180010710     libucrt:nlsdata.obj
 0002:00001718       ??_C@_08GNJGEPFN@February?$AA@ 0000000180010718     libucrt:nlsdata.obj
 0002:00001724       ??_C@_05HPCKOFNC@March?$AA@ 0000000180010724     libucrt:nlsdata.obj
 0002:0000172c       ??_C@_05DMJDNLEJ@April?$AA@ 000000018001072c     libucrt:nlsdata.obj
 0002:00001734       ??_C@_04CNLMGBGM@June?$AA@ 0000000180010734     libucrt:nlsdata.obj
 0002:0000173c       ??_C@_04MIEPOIFP@July?$AA@ 000000018001073c     libucrt:nlsdata.obj
 0002:00001744       ??_C@_06LBBHFDDG@August?$AA@ 0000000180010744     libucrt:nlsdata.obj
 0002:00001750       ??_C@_09BHHEALKD@September?$AA@ 0000000180010750     libucrt:nlsdata.obj
 0002:00001760       ??_C@_07JJNFCEND@October?$AA@ 0000000180010760     libucrt:nlsdata.obj
 0002:00001768       ??_C@_08HCHEGEOA@November?$AA@ 0000000180010768     libucrt:nlsdata.obj
 0002:00001778       ??_C@_08EDHMEBNP@December?$AA@ 0000000180010778     libucrt:nlsdata.obj
 0002:00001784       ??_C@_02DEDBPAFC@AM?$AA@   0000000180010784     libucrt:nlsdata.obj
 0002:00001788       ??_C@_02CJNFDJBF@PM?$AA@   0000000180010788     libucrt:nlsdata.obj
 0002:00001790       ??_C@_08BPBNCDIB@MM?1dd?1yy?$AA@ 0000000180010790     libucrt:nlsdata.obj
 0002:000017a0       ??_C@_0BE@CKGJFCPC@dddd?0?5MMMM?5dd?0?5yyyy?$AA@ 00000001800107a0     libucrt:nlsdata.obj
 0002:000017b8       ??_C@_08JCCMCCIL@HH?3mm?3ss?$AA@ 00000001800107b8     libucrt:nlsdata.obj
 0002:000017c8       ??_C@_17MBGCMIPB@?$AAS?$AAu?$AAn?$AA?$AA@ 00000001800107c8     libucrt:nlsdata.obj
 0002:000017d0       ??_C@_17KBOMKBF@?$AAM?$AAo?$AAn?$AA?$AA@ 00000001800107d0     libucrt:nlsdata.obj
 0002:000017d8       ??_C@_17BMKGEGOJ@?$AAT?$AAu?$AAe?$AA?$AA@ 00000001800107d8     libucrt:nlsdata.obj
 0002:000017e0       ??_C@_17CJEDCEPE@?$AAW?$AAe?$AAd?$AA?$AA@ 00000001800107e0     libucrt:nlsdata.obj
 0002:000017e8       ??_C@_17PDPHAADD@?$AAT?$AAh?$AAu?$AA?$AA@ 00000001800107e8     libucrt:nlsdata.obj
 0002:000017f0       ??_C@_17HFOLPPLP@?$AAF?$AAr?$AAi?$AA?$AA@ 00000001800107f0     libucrt:nlsdata.obj
 0002:000017f8       ??_C@_17GGIBDPIH@?$AAS?$AAa?$AAt?$AA?$AA@ 00000001800107f8     libucrt:nlsdata.obj
 0002:00001800       ??_C@_1O@IHNHDHPB@?$AAS?$AAu?$AAn?$AAd?$AAa?$AAy?$AA?$AA@ 0000000180010800     libucrt:nlsdata.obj
 0002:00001810       ??_C@_1O@MMNBFLIA@?$AAM?$AAo?$AAn?$AAd?$AAa?$AAy?$AA?$AA@ 0000000180010810     libucrt:nlsdata.obj
 0002:00001820       ??_C@_1BA@ENFBFFEK@?$AAT?$AAu?$AAe?$AAs?$AAd?$AAa?$AAy?$AA?$AA@ 0000000180010820     libucrt:nlsdata.obj
 0002:00001830       ??_C@_1BE@EBOGMDOH@?$AAW?$AAe?$AAd?$AAn?$AAe?$AAs?$AAd?$AAa?$AAy?$AA?$AA@ 0000000180010830     libucrt:nlsdata.obj
 0002:00001848       ??_C@_1BC@HHMNLIHE@?$AAT?$AAh?$AAu?$AAr?$AAs?$AAd?$AAa?$AAy?$AA?$AA@ 0000000180010848     libucrt:nlsdata.obj
 0002:00001860       ??_C@_1O@PDICJHAG@?$AAF?$AAr?$AAi?$AAd?$AAa?$AAy?$AA?$AA@ 0000000180010860     libucrt:nlsdata.obj
 0002:00001870       ??_C@_1BC@ENMNNPAJ@?$AAS?$AAa?$AAt?$AAu?$AAr?$AAd?$AAa?$AAy?$AA?$AA@ 0000000180010870     libucrt:nlsdata.obj
 0002:00001888       ??_C@_17DKNBKCHM@?$AAJ?$AAa?$AAn?$AA?$AA@ 0000000180010888     libucrt:nlsdata.obj
 0002:00001890       ??_C@_17LMDJEKJN@?$AAF?$AAe?$AAb?$AA?$AA@ 0000000180010890     libucrt:nlsdata.obj
 0002:00001898       ??_C@_17CKNLEDEC@?$AAM?$AAa?$AAr?$AA?$AA@ 0000000180010898     libucrt:nlsdata.obj
 0002:000018a0       ??_C@_17LFPOIHDD@?$AAA?$AAp?$AAr?$AA?$AA@ 00000001800108a0     libucrt:nlsdata.obj
 0002:000018a8       ??_C@_17PNNKMEED@?$AAM?$AAa?$AAy?$AA?$AA@ 00000001800108a8     libucrt:nlsdata.obj
 0002:000018b0       ??_C@_17KCJGOCPB@?$AAJ?$AAu?$AAn?$AA?$AA@ 00000001800108b0     libucrt:nlsdata.obj
 0002:000018b8       ??_C@_17IJPCKHK@?$AAJ?$AAu?$AAl?$AA?$AA@ 00000001800108b8     libucrt:nlsdata.obj
 0002:000018c0       ??_C@_17ICPELBCN@?$AAA?$AAu?$AAg?$AA?$AA@ 00000001800108c0     libucrt:nlsdata.obj
 0002:000018c8       ??_C@_17HCHCOKMG@?$AAS?$AAe?$AAp?$AA?$AA@ 00000001800108c8     libucrt:nlsdata.obj
 0002:000018d0       ??_C@_17FNLKOI@?$AAO?$AAc?$AAt?$AA?$AA@ 00000001800108d0     libucrt:nlsdata.obj
 0002:000018d8       ??_C@_17BBDMLCIG@?$AAN?$AAo?$AAv?$AA?$AA@ 00000001800108d8     libucrt:nlsdata.obj
 0002:000018e0       ??_C@_17EGKACKIF@?$AAD?$AAe?$AAc?$AA?$AA@ 00000001800108e0     libucrt:nlsdata.obj
 0002:000018e8       ??_C@_1BA@EFMEIEBA@?$AAJ?$AAa?$AAn?$AAu?$AAa?$AAr?$AAy?$AA?$AA@ 00000001800108e8     libucrt:nlsdata.obj
 0002:000018f8       ??_C@_1BC@JGDDFFAM@?$AAF?$AAe?$AAb?$AAr?$AAu?$AAa?$AAr?$AAy?$AA?$AA@ 00000001800108f8     libucrt:nlsdata.obj
 0002:00001910       ??_C@_1M@IKEENEDF@?$AAM?$AAa?$AAr?$AAc?$AAh?$AA?$AA@ 0000000180010910     libucrt:nlsdata.obj
 0002:00001920       ??_C@_1M@GJNLMHFD@?$AAA?$AAp?$AAr?$AAi?$AAl?$AA?$AA@ 0000000180010920     libucrt:nlsdata.obj
 0002:00001930       ??_C@_19EPFLPGAP@?$AAJ?$AAu?$AAn?$AAe?$AA?$AA@ 0000000180010930     libucrt:nlsdata.obj
 0002:00001940       ??_C@_19BIFMLPCD@?$AAJ?$AAu?$AAl?$AAy?$AA?$AA@ 0000000180010940     libucrt:nlsdata.obj
 0002:00001950       ??_C@_1O@PAHLKOAC@?$AAA?$AAu?$AAg?$AAu?$AAs?$AAt?$AA?$AA@ 0000000180010950     libucrt:nlsdata.obj
 0002:00001960       ??_C@_1BE@DKAAMBJL@?$AAS?$AAe?$AAp?$AAt?$AAe?$AAm?$AAb?$AAe?$AAr?$AA?$AA@ 0000000180010960     libucrt:nlsdata.obj
 0002:00001978       ??_C@_1BA@EPANDLNG@?$AAO?$AAc?$AAt?$AAo?$AAb?$AAe?$AAr?$AA?$AA@ 0000000180010978     libucrt:nlsdata.obj
 0002:00001988       ??_C@_1BC@BGLIFPF@?$AAN?$AAo?$AAv?$AAe?$AAm?$AAb?$AAe?$AAr?$AA?$AA@ 0000000180010988     libucrt:nlsdata.obj
 0002:000019a0       ??_C@_1BC@FEMKIFH@?$AAD?$AAe?$AAc?$AAe?$AAm?$AAb?$AAe?$AAr?$AA?$AA@ 00000001800109a0     libucrt:nlsdata.obj
 0002:000019b4       ??_C@_15ODEHAHHF@?$AAA?$AAM?$AA?$AA@ 00000001800109b4     libucrt:nlsdata.obj
 0002:000019bc       ??_C@_15CLMNNGEL@?$AAP?$AAM?$AA?$AA@ 00000001800109bc     libucrt:nlsdata.obj
 0002:000019c8       ??_C@_1BC@IEBCMHCM@?$AAM?$AAM?$AA?1?$AAd?$AAd?$AA?1?$AAy?$AAy?$AA?$AA@ 00000001800109c8     libucrt:nlsdata.obj
 0002:000019e0       ??_C@_1CI@KNAKOEBC@?$AAd?$AAd?$AAd?$AAd?$AA?0?$AA?5?$AAM?$AAM?$AAM?$AAM?$AA?5?$AAd?$AAd?$AA?0?$AA?5?$AAy?$AAy?$AAy?$AAy?$AA?$AA@ 00000001800109e0     libucrt:nlsdata.obj
 0002:00001a08       ??_C@_1BC@GDGBMEMK@?$AAH?$AAH?$AA?3?$AAm?$AAm?$AA?3?$AAs?$AAs?$AA?$AA@ 0000000180010a08     libucrt:nlsdata.obj
 0002:00001a20       ??_C@_1M@BMHNFIME@?$AAe?$AAn?$AA?9?$AAU?$AAS?$AA?$AA@ 0000000180010a20     libucrt:nlsdata.obj
 0002:00001ad0       ??_C@_1EG@CNNIPFIM@?$AAa?$AAp?$AAi?$AA?9?$AAm?$AAs?$AA?9?$AAw?$AAi?$AAn?$AA?9?$AAa?$AAp?$AAp?$AAm?$AAo?$AAd?$AAe?$AAl?$AA?9?$AAr?$AAu?$AAn?$AAt?$AAi?$AAm?$AAe?$AA?9?$AAl?$AA1?$AA?9?$AA1@ 0000000180010ad0     libucrt:winapi_thunks.obj
 0002:00001b20       ??_C@_1EA@JGEFHKEI@?$AAa?$AAp?$AAi?$AA?9?$AAm?$AAs?$AA?9?$AAw?$AAi?$AAn?$AA?9?$AAc?$AAo?$AAr?$AAe?$AA?9?$AAd?$AAa?$AAt?$AAe?$AAt?$AAi?$AAm?$AAe?$AA?9?$AAl?$AA1?$AA?9?$AA1?$AA?9?$AA1?$AA?$AA@ 0000000180010b20     libucrt:winapi_thunks.obj
 0002:00001b60       ??_C@_1DI@GCIAAENM@?$AAa?$AAp?$AAi?$AA?9?$AAm?$AAs?$AA?9?$AAw?$AAi?$AAn?$AA?9?$AAc?$AAo?$AAr?$AAe?$AA?9?$AAf?$AAi?$AAl?$AAe?$AA?9?$AAl?$AA2?$AA?9?$AA1?$AA?9?$AA1?$AA?$AA@ 0000000180010b60     libucrt:winapi_thunks.obj
 0002:00001ba0       ??_C@_1EI@MPIAOHOC@?$AAa?$AAp?$AAi?$AA?9?$AAm?$AAs?$AA?9?$AAw?$AAi?$AAn?$AA?9?$AAc?$AAo?$AAr?$AAe?$AA?9?$AAl?$AAo?$AAc?$AAa?$AAl?$AAi?$AAz?$AAa?$AAt?$AAi?$AAo?$AAn?$AA?9?$AAl?$AA1?$AA?9@ 0000000180010ba0     libucrt:winapi_thunks.obj
 0002:00001bf0       ??_C@_1FK@FPHCKFIE@?$AAa?$AAp?$AAi?$AA?9?$AAm?$AAs?$AA?9?$AAw?$AAi?$AAn?$AA?9?$AAc?$AAo?$AAr?$AAe?$AA?9?$AAl?$AAo?$AAc?$AAa?$AAl?$AAi?$AAz?$AAa?$AAt?$AAi?$AAo?$AAn?$AA?9?$AAo?$AAb?$AAs@ 0000000180010bf0     libucrt:winapi_thunks.obj
 0002:00001c50       ??_C@_1EM@DILCGIIO@?$AAa?$AAp?$AAi?$AA?9?$AAm?$AAs?$AA?9?$AAw?$AAi?$AAn?$AA?9?$AAc?$AAo?$AAr?$AAe?$AA?9?$AAp?$AAr?$AAo?$AAc?$AAe?$AAs?$AAs?$AAt?$AAh?$AAr?$AAe?$AAa?$AAd?$AAs?$AA?9?$AAl@ 0000000180010c50     libucrt:winapi_thunks.obj
 0002:00001ca0       ??_C@_1DM@LNCGDDPN@?$AAa?$AAp?$AAi?$AA?9?$AAm?$AAs?$AA?9?$AAw?$AAi?$AAn?$AA?9?$AAc?$AAo?$AAr?$AAe?$AA?9?$AAs?$AAt?$AAr?$AAi?$AAn?$AAg?$AA?9?$AAl?$AA1?$AA?9?$AA1?$AA?9?$AA0?$AA?$AA@ 0000000180010ca0     libucrt:winapi_thunks.obj
 0002:00001ce0       ??_C@_1DO@FPAPJEMD@?$AAa?$AAp?$AAi?$AA?9?$AAm?$AAs?$AA?9?$AAw?$AAi?$AAn?$AA?9?$AAc?$AAo?$AAr?$AAe?$AA?9?$AAs?$AAy?$AAs?$AAi?$AAn?$AAf?$AAo?$AA?9?$AAl?$AA1?$AA?9?$AA2?$AA?9?$AA1?$AA?$AA@ 0000000180010ce0     libucrt:winapi_thunks.obj
 0002:00001d20       ??_C@_1DK@NDHNAHIO@?$AAa?$AAp?$AAi?$AA?9?$AAm?$AAs?$AA?9?$AAw?$AAi?$AAn?$AA?9?$AAc?$AAo?$AAr?$AAe?$AA?9?$AAw?$AAi?$AAn?$AAr?$AAt?$AA?9?$AAl?$AA1?$AA?9?$AA1?$AA?9?$AA0?$AA?$AA@ 0000000180010d20     libucrt:winapi_thunks.obj
 0002:00001d60       ??_C@_1DM@KGHDGBCM@?$AAa?$AAp?$AAi?$AA?9?$AAm?$AAs?$AA?9?$AAw?$AAi?$AAn?$AA?9?$AAc?$AAo?$AAr?$AAe?$AA?9?$AAx?$AAs?$AAt?$AAa?$AAt?$AAe?$AA?9?$AAl?$AA2?$AA?9?$AA1?$AA?9?$AA0?$AA?$AA@ 0000000180010d60     libucrt:winapi_thunks.obj
 0002:00001da0       ??_C@_1EO@IJIOEFOH@?$AAa?$AAp?$AAi?$AA?9?$AAm?$AAs?$AA?9?$AAw?$AAi?$AAn?$AA?9?$AAr?$AAt?$AAc?$AAo?$AAr?$AAe?$AA?9?$AAn?$AAt?$AAu?$AAs?$AAe?$AAr?$AA?9?$AAw?$AAi?$AAn?$AAd?$AAo?$AAw?$AA?9@ 0000000180010da0     libucrt:winapi_thunks.obj
 0002:00001df0       ??_C@_1FG@HHGEKANL@?$AAa?$AAp?$AAi?$AA?9?$AAm?$AAs?$AA?9?$AAw?$AAi?$AAn?$AA?9?$AAs?$AAe?$AAc?$AAu?$AAr?$AAi?$AAt?$AAy?$AA?9?$AAs?$AAy?$AAs?$AAt?$AAe?$AAm?$AAf?$AAu?$AAn?$AAc?$AAt?$AAi@ 0000000180010df0     libucrt:winapi_thunks.obj
 0002:00001e50       ??_C@_1FG@NCKKOLKO@?$AAe?$AAx?$AAt?$AA?9?$AAm?$AAs?$AA?9?$AAw?$AAi?$AAn?$AA?9?$AAk?$AAe?$AAr?$AAn?$AAe?$AAl?$AA3?$AA2?$AA?9?$AAp?$AAa?$AAc?$AAk?$AAa?$AAg?$AAe?$AA?9?$AAc?$AAu?$AAr?$AAr@ 0000000180010e50     libucrt:winapi_thunks.obj
 0002:00001eb0       ??_C@_1EG@DBIOJECG@?$AAe?$AAx?$AAt?$AA?9?$AAm?$AAs?$AA?9?$AAw?$AAi?$AAn?$AA?9?$AAn?$AAt?$AAu?$AAs?$AAe?$AAr?$AA?9?$AAd?$AAi?$AAa?$AAl?$AAo?$AAg?$AAb?$AAo?$AAx?$AA?9?$AAl?$AA1?$AA?9?$AA1@ 0000000180010eb0     libucrt:winapi_thunks.obj
 0002:00001f00       ??_C@_1EO@FIHMJCLF@?$AAe?$AAx?$AAt?$AA?9?$AAm?$AAs?$AA?9?$AAw?$AAi?$AAn?$AA?9?$AAn?$AAt?$AAu?$AAs?$AAe?$AAr?$AA?9?$AAw?$AAi?$AAn?$AAd?$AAo?$AAw?$AAs?$AAt?$AAa?$AAt?$AAi?$AAo?$AAn?$AA?9@ 0000000180010f00     libucrt:winapi_thunks.obj
 0002:00001f50       ??_C@_1O@BCCLBEOE@?$AAu?$AAs?$AAe?$AAr?$AA3?$AA2?$AA?$AA@ 0000000180010f50     libucrt:winapi_thunks.obj
 0002:00001f88       ??_C@_0BE@JOGNEJCI@GetCurrentPackageId?$AA@ 0000000180010f88     libucrt:winapi_thunks.obj
 0002:00001fb0       ??_C@_0O@KKBNKAPF@LCMapStringEx?$AA@ 0000000180010fb0     libucrt:winapi_thunks.obj
 0002:00001fc8       ??_C@_0BB@HBDEELFH@LocaleNameToLCID?$AA@ 0000000180010fc8     libucrt:winapi_thunks.obj
 0002:00002000       ??_C@_1M@HPNHIDJI@?$AAj?$AAa?$AA?9?$AAJ?$AAP?$AA?$AA@ 0000000180011000     libucrt:mbctype.obj
 0002:00002010       ??_C@_1M@BIBDDEMK@?$AAz?$AAh?$AA?9?$AAC?$AAN?$AA?$AA@ 0000000180011010     libucrt:mbctype.obj
 0002:00002020       ??_C@_1M@JLOOOEGK@?$AAk?$AAo?$AA?9?$AAK?$AAR?$AA?$AA@ 0000000180011020     libucrt:mbctype.obj
 0002:00002030       ??_C@_1M@CLNBBOPM@?$AAz?$AAh?$AA?9?$AAT?$AAW?$AA?$AA@ 0000000180011030     libucrt:mbctype.obj
 0002:00002040       __newctype                 0000000180011040     libucrt:ctype.obj
 0002:00002340       __newclmap                 0000000180011340     libucrt:ctype.obj
 0002:000024c0       __newcumap                 00000001800114c0     libucrt:ctype.obj
 0002:00002640       ??_C@_15PJPFLCCM@?$AAu?$AAk?$AA?$AA@ 0000000180011640     libucrt:get_qualified_locale.obj
 0002:00003490       ??_C@_15EMKDOKLE@?$AAa?$AAr?$AA?$AA@ 0000000180012490     libucrt:lcidtoname_downlevel.obj
 0002:00003498       ??_C@_15KNPADPLH@?$AAb?$AAg?$AA?$AA@ 0000000180012498     libucrt:lcidtoname_downlevel.obj
 0002:000034a0       ??_C@_15EDMHLDMO@?$AAc?$AAa?$AA?$AA@ 00000001800124a0     libucrt:lcidtoname_downlevel.obj
 0002:000034a8       ??_C@_1O@BPEAJADD@?$AAz?$AAh?$AA?9?$AAC?$AAH?$AAS?$AA?$AA@ 00000001800124a8     libucrt:lcidtoname_downlevel.obj
 0002:000034b8       ??_C@_15LJNHCMNK@?$AAc?$AAs?$AA?$AA@ 00000001800124b8     libucrt:lcidtoname_downlevel.obj
 0002:000034c0       ??_C@_15FOMCIDHG@?$AAd?$AAa?$AA?$AA@ 00000001800124c0     libucrt:lcidtoname_downlevel.obj
[...]
 0004:000009f0       $pdata$?setSBCS@@YAXPEAU__crt_multibyte_data@@@Z 000000018001b9f0     libucrt:mbctype.obj
 0004:000009fc       $pdata$?setSBUpLow@@YAXPEAU__crt_multibyte_data@@@Z 000000018001b9fc     libucrt:mbctype.obj
 0004:00000a08       $pdata$?setmbcp_internal@@YAHH_N@Z 000000018001ba08     libucrt:mbctype.obj
 0004:00000a14       $pdata$__acrt_initialize_multibyte 000000018001ba14     libucrt:mbctype.obj
 0004:00000a20       $pdata$__acrt_update_thread_multibyte_data 000000018001ba20     libucrt:mbctype.obj
 0004:00000a2c       $pdata$_setmbcp_nolock     000000018001ba2c     libucrt:mbctype.obj
 0004:00000a38       $pdata$?x_ismbbtype_l@@YAHPEAU__crt_locale_pointers@@IHH@Z 000000018001ba38     libucrt:ismbbyte.obj
 0004:00000a44       $pdata$__acrt_initialize_command_line 000000018001ba44     libucrt:argv_data.obj
 0004:00000a50       $pdata$__dcrt_get_narrow_environment_from_os 000000018001ba50     libucrt:get_environment_from_os.obj
 0004:00000a5c       $pdata$__acrt_initialize_heap 000000018001ba5c     libucrt:heap_handle.obj
 0004:00000a68       $pdata$?initialize_inherited_file_handles_nolock@@YAXXZ 000000018001ba68     libucrt:ioinit.obj
 0004:00000a74       $pdata$?initialize_stdio_handles_nolock@@YAXXZ 000000018001ba74     libucrt:ioinit.obj
 0004:00000a80       $pdata$__acrt_initialize_lowio 000000018001ba80     libucrt:ioinit.obj
 0004:00000a8c       $pdata$__acrt_uninitialize_lowio 000000018001ba8c     libucrt:ioinit.obj
 0004:00000a98       $pdata$__acrt_execute_initializers 000000018001ba98     libucrt:shared_initialization.obj
 0004:00000aa4       $pdata$__acrt_execute_uninitializers 000000018001baa4     libucrt:shared_initialization.obj
 0004:00000ab0       $pdata$??$?RV<lambda_c36588078e9f5dfd39652860aa6b3aaf>@@AEAV<lambda_ec61778202f4f5fc7e7711acc23c3bca>@@V<lambda_dc9d2797ccde5d239b4a0efae8ebd7db>@@@?$__crt_seh_guarded_call@P6AXH@Z@@QEAAP6AXH@Z$$QEAV<lambda_c36588078e9f5dfd39652860aa6b3aaf>@@AEAV<lambda_ec61778202f4f5fc7e7711acc23c3bca>@@$$QEAV<lambda_dc9d2797ccde5d239b4a0efae8ebd7db>@@@Z 000000018001bab0     libucrt:signal.obj
 0004:00000abc       $pdata$__acrt_get_sigabrt_handler 000000018001babc     libucrt:signal.obj
 0004:00000ac8       $pdata$raise               000000018001bac8     libucrt:signal.obj
 0004:00000ad4       $pdata$__acrt_invoke_user_matherr 000000018001bad4     libucrt:matherr.obj
 0004:00000ae0       $pdata$_mbtowc_l           000000018001bae0     libucrt:mbtowc.obj
 0004:00000aec       $pdata$_fileno             000000018001baec     libucrt:fileno.obj
 0004:00000af8       $pdata$__acrt_initialize_stdio 000000018001baf8     libucrt:_file.obj
 0004:00000b04       $pdata$__acrt_uninitialize_stdio 000000018001bb04     libucrt:_file.obj
 0004:00000b10       $pdata$__pctype_func       000000018001bb10     libucrt:ctype.obj
 0004:00000b1c       $pdata$_isctype_l          000000018001bb1c     libucrt:isctype.obj
 0004:00000b28       $pdata$__acrt_free_locale  000000018001bb28     libucrt:locale_refcounting.obj
 0004:00000b34       $pdata$__acrt_locale_free_lc_time_if_unreferenced 000000018001bb34     libucrt:locale_refcounting.obj
 0004:00000b40       $pdata$__acrt_release_locale_ref 000000018001bb40     libucrt:locale_refcounting.obj
 0004:00000b4c       $pdata$__acrt_update_thread_locale_data 000000018001bb4c     libucrt:locale_refcounting.obj
 0004:00000b58       $pdata$_updatetlocinfoEx_nolock 000000018001bb58     libucrt:locale_refcounting.obj
 0004:00000b64       $pdata$_isleadbyte_l       000000018001bb64     libucrt:_wctype.obj
 0004:00000b70       $pdata$?__acrt_LCMapStringA_stat@@YAHPEAU__crt_locale_pointers@@PEB_WKPEBDHPEADHHH@Z 000000018001bb70     libucrt:lcmapstringa.obj
 0004:00000b7c       $pdata$__acrt_LCMapStringA 000000018001bb7c     libucrt:lcmapstringa.obj
 0004:00000b88       $pdata$__acrt_locale_free_monetary 000000018001bb88     libucrt:initmon.obj
 0004:00000b94       $pdata$__acrt_locale_free_numeric 000000018001bb94     libucrt:initnum.obj
 0004:00000ba0       $pdata$?free_crt_array_internal@@YAXQEAPEBX_K@Z 000000018001bba0     libucrt:inittime.obj
 0004:00000bac       $pdata$__acrt_locale_free_time 000000018001bbac     libucrt:inittime.obj
 0004:00000bb8       $pdata$__acrt_GetStringTypeA 000000018001bbb8     libucrt:getstringtypea.obj
 0004:00000bc4       $pdata$?GetTableIndexFromLocaleName@@YAHPEB_W@Z 000000018001bbc4     libucrt:lcidtoname_downlevel.obj
 0004:00000bd0       $pdata$__acrt_DownlevelLocaleNameToLCID 000000018001bbd0     libucrt:lcidtoname_downlevel.obj
 0004:00000bdc       $pdata$?shortsort@@YAXPEAD0_KP6AHPEBX2@Z@Z 000000018001bbdc     libucrt:qsort.obj
 0004:00000be8       $pdata$2$?shortsort@@YAXPEAD0_KP6AHPEBX2@Z@Z 000000018001bbe8     libucrt:qsort.obj
 0004:00000bf4       $pdata$3$?shortsort@@YAXPEAD0_KP6AHPEBX2@Z@Z 000000018001bbf4     libucrt:qsort.obj
 0004:00000c00       $pdata$qsort               000000018001bc00     libucrt:qsort.obj
 0004:00000c0c       $pdata$4$qsort             000000018001bc0c     libucrt:qsort.obj
 0004:00000c18       $pdata$5$qsort             000000018001bc18     libucrt:qsort.obj
 0004:00000c24       $pdata$strncpy_s           000000018001bc24     libucrt:strncpy_s.obj
 0004:00000c30       $pdata$strpbrk             000000018001bc30     libucrt:strpbrk.obj
 0004:00000c3c       $pdata$_mbsdec_l           000000018001bc3c     libucrt:mbsdec.obj
 0004:00000c48       $pdata$?initialize_multibyte@@YAHXZ 000000018001bc48     libucrt:multibyte_initializer.obj
 0004:00000c54       $pdata$__acrt_lowio_create_handle_array 000000018001bc54     libucrt:osfinfo.obj
 0004:00000c60       $pdata$__acrt_lowio_destroy_handle_array 000000018001bc60     libucrt:osfinfo.obj
 0004:00000c6c       $pdata$__acrt_lowio_ensure_fh_exists 000000018001bc6c     libucrt:osfinfo.obj
 0004:00000c78       $pdata$_free_osfhnd        000000018001bc78     libucrt:osfinfo.obj
 0004:00000c84       $pdata$_get_osfhandle      000000018001bc84     libucrt:osfinfo.obj
 0004:00000c90       $pdata$_isatty             000000018001bc90     libucrt:isatty.obj
 0004:00000c9c       $pdata$__acrt_stdio_flush_nolock 000000018001bc9c     libucrt:fflush.obj
 0004:00000ca8       $pdata$_fflush_nolock      000000018001bca8     libucrt:fflush.obj
 0004:00000cb4       $pdata$common_flush_all    000000018001bcb4     libucrt:fflush.obj
 0004:00000cc0       $pdata$_fcloseall          000000018001bcc0     libucrt:closeall.obj
 0004:00000ccc       $pdata$__acrt_stdio_free_buffer_nolock 000000018001bccc     libucrt:_freebuf.obj
 0004:00000cd8       $pdata$??$?RV<lambda_b521505b218e5242e90febf6bfebc422>@@AEAV<lambda_6978c1fb23f02e42e1d9e99668cc68aa>@@V<lambda_314360699dd331753a4119843814e9a7>@@@?$__crt_seh_guarded_call@H@@QEAAH$$QEAV<lambda_b521505b218e5242e90febf6bfebc422>@@AEAV<lambda_6978c1fb23f02e42e1d9e99668cc68aa>@@$$QEAV<lambda_314360699dd331753a4119843814e9a7>@@@Z 000000018001bcd8     libucrt:commit.obj
 0004:00000ce4       $pdata$_commit             000000018001bce4     libucrt:commit.obj
 0004:00000cf0       $pdata$?write_double_translated_ansi_nolock@@YA?AUwrite_result@?A0x9c548279@@HQEBDI@Z 000000018001bcf0     libucrt:write.obj
 0004:00000cfc       $pdata$?write_text_ansi_nolock@@YA?AUwrite_result@?A0x9c548279@@HQEBDI@Z 000000018001bcfc     libucrt:write.obj
 0004:00000d08       $pdata$?write_text_utf16le_nolock@@YA?AUwrite_result@?A0x9c548279@@HQEBDI@Z 000000018001bd08     libucrt:write.obj
 0004:00000d14       $pdata$?write_text_utf8_nolock@@YA?AUwrite_result@?A0x9c548279@@HQEBDI@Z 000000018001bd14     libucrt:write.obj
 0004:00000d20       $pdata$_write              000000018001bd20     libucrt:write.obj
 0004:00000d2c       $pdata$_write_nolock       000000018001bd2c     libucrt:write.obj
 0004:00000d44       $pdata$??$common_lseek_nolock@_J@@YA_JH_JH@Z 000000018001bd44     libucrt:lseek.obj
 0004:00000d50       $pdata$_fclose_nolock      000000018001bd50     libucrt:fclose.obj
 0004:00000d5c       $pdata$fclose              000000018001bd5c     libucrt:fclose.obj
 0004:00000d68       $pdata$_putwch_nolock      000000018001bd68     libucrt:putwch.obj
 0004:00000d74       $pdata$_call_matherr       000000018001bd74     libucrt:libm_error.obj
 0004:00000d80       $pdata$_exception_enabled  000000018001bd80     libucrt:libm_error.obj
 0004:00000d8c       $pdata$_handle_error       000000018001bd8c     libucrt:libm_error.obj
 0004:00000d98       $pdata$__acrt_initialize_fma3 000000018001bd98     libucrt:fma3_available.obj
 0004:00000da4       $pdata$_log10_special      000000018001bda4     libucrt:log_special.obj
 0004:00000db0       $pdata$_log_special_common 000000018001bdb0     libucrt:log_special.obj
 0004:00000dbc       $pdata$??$?RV<lambda_bfedae4ebbf01fab1bb6dcc6a9e276e0>@@AEAV<lambda_2fe9b910cf3cbf4a0ab98a02ba45b3ec>@@V<lambda_237c231691f317818eb88cc1d5d642d6>@@@?$__crt_seh_guarded_call@H@@QEAAH$$QEAV<lambda_bfedae4ebbf01fab1bb6dcc6a9e276e0>@@AEAV<lambda_2fe9b910cf3cbf4a0ab98a02ba45b3ec>@@$$QEAV<lambda_237c231691f317818eb88cc1d5d642d6>@@@Z 000000018001bdbc     libucrt:close.obj
 0004:00000dc8       $pdata$_close              000000018001bdc8     libucrt:close.obj
 0004:00000dd4       $pdata$_close_nolock       000000018001bdd4     libucrt:close.obj
 0004:00000de0       $pdata$__dcrt_lowio_initialize_console_output 000000018001bde0     libucrt:initcon.obj
 0004:00000dec       $pdata$__dcrt_terminate_console_output 000000018001bdec     libucrt:initcon.obj
 0004:00000e04       $pdata$_raise_exc          000000018001be04     libucrt:fpexcept.obj
 0004:00000e10       $pdata$_raise_exc_ex       000000018001be10     libucrt:fpexcept.obj
 0004:00000e1c       $pdata$_set_errno_from_matherr 000000018001be1c     libucrt:fpexcept.obj
 0004:00000e28       $pdata$_clrfp              000000018001be28     libucrt:fpctrl.obj
 0004:00000e34       $pdata$_ctrlfp             000000018001be34     libucrt:fpctrl.obj
 0004:00000e40       $pdata$_set_statfp         000000018001be40     libucrt:fpctrl.obj
 0004:00000e4c       $pdata$_statfp             000000018001be4c     libucrt:fpctrl.obj
 0004:00000e58       $pdata$?DloadAcquireSectionWriteAccess@@YAXXZ 000000018001be58     DelayImp:delayhlp.obj
 0004:00000e64       $pdata$?DloadGetSRWLockFunctionPointers@@YAEXZ 000000018001be64     DelayImp:delayhlp.obj
 0004:00000e70       $pdata$?DloadMakePermanentImageCommit@@YAXPEAX_K@Z 000000018001be70     DelayImp:delayhlp.obj
 0004:00000e7c       $pdata$?DloadObtainSection@@YAPEAXPEAK0@Z 000000018001be7c     DelayImp:delayhlp.obj
 0004:00000e88       $pdata$?DloadProtectSection@@YAXKPEAK@Z 000000018001be88     DelayImp:delayhlp.obj
 0004:00000e94       $pdata$?DloadReleaseSectionWriteAccess@@YAXXZ 000000018001be94     DelayImp:delayhlp.obj
 0004:00000ea0       $pdata$__delayLoadHelper2  000000018001bea0     DelayImp:delayhlp.obj
 0004:00000eac       $pdata$_IsNonwritableInCurrentImage 000000018001beac     LIBCMT:pesect.obj
 0004:00000eb8       $pdata$__GSHandlerCheck    000000018001beb8     LIBCMT:_gshandler_.obj
 0004:00000ec4       $pdata$__GSHandlerCheckCommon 000000018001bec4     LIBCMT:_gshandler_.obj
 0004:00000ef4       $pdata$__scrt_is_nonwritable_in_current_image$filt$0 000000018001bef4     LIBCMT:utility.obj
 0004:00000f00       $pdata$?fin$0@?0??dllmain_crt_process_attach@@YAHQEAUHINSTANCE__@@QEAX@Z@4HA 000000018001bf00     LIBCMT:dll_dllmain.obj
 0004:00000f0c       $pdata$?fin$0@?0??dllmain_crt_process_detach@@YAH_N@Z@4HA 000000018001bf0c     LIBCMT:dll_dllmain.obj
 0004:00000f18       $pdata$?filt$0@?0??dllmain_dispatch@@YAHQEAUHINSTANCE__@@KQEAX@Z@4HA 000000018001bf18     LIBCMT:dll_dllmain.obj
 0004:00000f24       $pdata$_query_new_handler$fin$0 000000018001bf24     libucrt:new_handler.obj
 0004:00000f30       $pdata$?filt$0@?0??common_exit@@YAXHW4_crt_exit_cleanup_mode@@W4_crt_exit_return_mode@@@Z@4HA 000000018001bf30     libucrt:exit.obj
 0004:00000f3c       $pdata$?fin$1@?0??common_exit@@YAXHW4_crt_exit_cleanup_mode@@W4_crt_exit_return_mode@@@Z@4HA 000000018001bf3c     libucrt:exit.obj
 0004:00000f48       $pdata$?fin$0@?0???$?RV<lambda_e24bbb7b643b32fcea6fa61b31d4c984>@@AEAV<lambda_275893d493268fdec8709772e3fcec0e>@@V<lambda_9d71df4d7cf3f480f8d633942495c3b0>@@@?$__crt_seh_guarded_call@H@@QEAAH$$QEAV<lambda_e24bbb7b643b32fcea6fa61b31d4c984>@@AEAV<lambda_275893d493268fdec8709772e3fcec0e>@@$$QEAV<lambda_9d71df4d7cf3f480f8d633942495c3b0>@@@Z@4HA 000000018001bf48     libucrt:onexit.obj
 0004:00000f54       $pdata$?fin$0@?0???$?RV<lambda_46352004c1216016012b18bd6f87e700>@@AEAV<lambda_3bd07e1a1191394380780325891bf33f>@@V<lambda_334532d3f185bcaa59b5be82d7d22bff>@@@?$__crt_seh_guarded_call@X@@QEAAX$$QEAV<lambda_46352004c1216016012b18bd6f87e700>@@AEAV<lambda_3bd07e1a1191394380780325891bf33f>@@$$QEAV<lambda_334532d3f185bcaa59b5be82d7d22bff>@@@Z@4HA 000000018001bf54     libucrt:per_thread_data.obj
 0004:00000f54       $pdata$?fin$0@?0???$?RV<lambda_b8c45f8f788dd370798f47cfe8ac3a86>@@AEAV<lambda_4e60a939b0d047cfe11ddc22648dfba9>@@V<lambda_332c3edc96d0294ec56c57d38c1cdfd5>@@@?$__crt_seh_guarded_call@H@@QEAAH$$QEAV<lambda_b8c45f8f788dd370798f47cfe8ac3a86>@@AEAV<lambda_4e60a939b0d047cfe11ddc22648dfba9>@@$$QEAV<lambda_332c3edc96d0294ec56c57d38c1cdfd5>@@@Z@4HA 000000018001bf54     libucrt:onexit.obj
 0004:00000f54       $pdata$?fin$0@?0???$?RV<lambda_c36588078e9f5dfd39652860aa6b3aaf>@@AEAV<lambda_ec61778202f4f5fc7e7711acc23c3bca>@@V<lambda_dc9d2797ccde5d239b4a0efae8ebd7db>@@@?$__crt_seh_guarded_call@P6AXH@Z@@QEAAP6AXH@Z$$QEAV<lambda_c36588078e9f5dfd39652860aa6b3aaf>@@AEAV<lambda_ec61778202f4f5fc7e7711acc23c3bca>@@$$QEAV<lambda_dc9d2797ccde5d239b4a0efae8ebd7db>@@@Z@4HA 000000018001bf54     libucrt:signal.obj
 0004:00000f54       $pdata$?fin$0@?0???$?RV<lambda_5e887d1dcbef67a5eb4283622ba103bf>@@AEAV<lambda_4466841279450cc726390878d4a41900>@@V<lambda_341c25c0346d94847f1f3c463c57e077>@@@?$__crt_seh_guarded_call@X@@QEAAX$$QEAV<lambda_5e887d1dcbef67a5eb4283622ba103bf>@@AEAV<lambda_4466841279450cc726390878d4a41900>@@$$QEAV<lambda_341c25c0346d94847f1f3c463c57e077>@@@Z@4HA 000000018001bf54     libucrt:per_thread_data.obj
 0004:00000f54       $pdata$?fin$0@?0???$?RV<lambda_99476a1ad63dd22509b5d3e65b0ffc95>@@AEAV<lambda_ad1ced32f4ac17aa236e5ef05d6b3b7c>@@V<lambda_f7424dd8d45958661754dc4f2697e9c3>@@@?$__crt_seh_guarded_call@X@@QEAAX$$QEAV<lambda_99476a1ad63dd22509b5d3e65b0ffc95>@@AEAV<lambda_ad1ced32f4ac17aa236e5ef05d6b3b7c>@@$$QEAV<lambda_f7424dd8d45958661754dc4f2697e9c3>@@@Z@4HA 000000018001bf54     libucrt:mbctype.obj
 0004:00000f54       $pdata$?fin$0@?0???$?RV<lambda_72d1df2b273a38828b1ce30cbf4cdab5>@@AEAV<lambda_876a65b173b8412d3a47c70a915b0cf4>@@V<lambda_41932305e351933ebe8f8be3ed8bb5dc>@@@?$__crt_seh_guarded_call@X@@QEAAX$$QEAV<lambda_72d1df2b273a38828b1ce30cbf4cdab5>@@AEAV<lambda_876a65b173b8412d3a47c70a915b0cf4>@@$$QEAV<lambda_41932305e351933ebe8f8be3ed8bb5dc>@@@Z@4HA 000000018001bf54     libucrt:per_thread_data.obj
 0004:00000f54       $pdata$?fin$0@?0???$?RV<lambda_fb3a7dec4e47f37f22dae91bb15c9095>@@AEAV<lambda_698284760c8add0bfb0756c19673e34b>@@V<lambda_dfb8eca1e75fef3034a8fb18dd509707>@@@?$__crt_seh_guarded_call@X@@QEAAX$$QEAV<lambda_fb3a7dec4e47f37f22dae91bb15c9095>@@AEAV<lambda_698284760c8add0bfb0756c19673e34b>@@$$QEAV<lambda_dfb8eca1e75fef3034a8fb18dd509707>@@@Z@4HA 000000018001bf54     libucrt:per_thread_data.obj
 0004:00000f60       $pdata$__acrt_update_thread_multibyte_data$fin$0 000000018001bf60     libucrt:mbctype.obj
 0004:00000f6c       $pdata$__acrt_lowio_ensure_fh_exists$fin$0 000000018001bf6c     libucrt:osfinfo.obj
 0004:00000f6c       $pdata$__acrt_initialize_lowio$fin$0 000000018001bf6c     libucrt:ioinit.obj
 0004:00000f78       $pdata$raise$fin$0         000000018001bf78     libucrt:signal.obj
 0004:00000f84       $pdata$__acrt_update_thread_locale_data$fin$0 000000018001bf84     libucrt:locale_refcounting.obj
 0004:00000f84       $pdata$__acrt_uninitialize_locale$fin$0 000000018001bf84     libucrt:wsetlocale.obj
 0004:00000f90       $pdata$common_flush_all$fin$0 000000018001bf90     libucrt:fflush.obj
 0004:00000f9c       $pdata$common_flush_all$fin$1 000000018001bf9c     libucrt:fflush.obj
 0004:00000fa8       $pdata$_fcloseall$fin$0    000000018001bfa8     libucrt:closeall.obj
 0004:00000fb4       $pdata$_write$fin$0        000000018001bfb4     libucrt:write.obj
 0004:00000fc0       $pdata$fclose$fin$0        000000018001bfc0     libucrt:fclose.obj
 0004:00000fcc       $pdata$?fin$0@?0???$?RV<lambda_b521505b218e5242e90febf6bfebc422>@@AEAV<lambda_6978c1fb23f02e42e1d9e99668cc68aa>@@V<lambda_314360699dd331753a4119843814e9a7>@@@?$__crt_seh_guarded_call@H@@QEAAH$$QEAV<lambda_b521505b218e5242e90febf6bfebc422>@@AEAV<lambda_6978c1fb23f02e42e1d9e99668cc68aa>@@$$QEAV<lambda_314360699dd331753a4119843814e9a7>@@@Z@4HA 000000018001bfcc     libucrt:commit.obj
 0004:00000fcc       $pdata$?fin$0@?0???$?RV<lambda_bfedae4ebbf01fab1bb6dcc6a9e276e0>@@AEAV<lambda_2fe9b910cf3cbf4a0ab98a02ba45b3ec>@@V<lambda_237c231691f317818eb88cc1d5d642d6>@@@?$__crt_seh_guarded_call@H@@QEAAH$$QEAV<lambda_bfedae4ebbf01fab1bb6dcc6a9e276e0>@@AEAV<lambda_2fe9b910cf3cbf4a0ab98a02ba45b3ec>@@$$QEAV<lambda_237c231691f317818eb88cc1d5d642d6>@@@Z@4HA 000000018001bfcc     libucrt:close.obj
 0004:00000fd8       $pdata$_ctrlfp$filt$0      000000018001bfd8     libucrt:fpctrl.obj
 0004:00000fe4       $pdata$_IsNonwritableInCurrentImage$filt$0 000000018001bfe4     LIBCMT:pesect.obj
 0005:00000000       __guard_fids__             000000018001c000     libucrt:initialization.obj
 0005:00000060       __guard_fids___acrt_initialize_ptd 000000018001c060     libucrt:per_thread_data.obj
 0005:00000064       __guard_fids_??$expand_argument_wildcards@D@@YAHQEAD0AEAV?$argument_list@D@?A0xca0879c4@@@Z 000000018001c064     libucrt:argv_wildcards.obj
 0005:00000068       __guard_fids__             000000018001c068     libucrt:locale_initializer.obj
 0005:0000006c       __guard_fids__             000000018001c06c     libucrt:multibyte_initializer.obj
 0005:00000070       __guard_fids__             000000018001c070     libucrt:stdio_initializer.obj
 0005:00000074       __guard_fids__             000000018001c074     libucrt:stdio_initializer.obj
 0005:00000078       __guard_fids__             000000018001c078     libucrt:fma3_initializer.obj
 0005:0000007c       __guard_fids__             000000018001c07c     libucrt:console_output_initializer.obj
 0005:00000080       __guard_fids__             000000018001c080     libcpmt:xthrow.obj
 0005:00000088       __guard_fids__             000000018001c088     libcpmt:xthrow.obj
 0005:00000090       __guard_fids__             000000018001c090     libcpmt:xthrow.obj
 0005:00000098       __guard_fids__             000000018001c098     libcpmt:xthrow.obj
 0005:000000a0       __guard_fids__             000000018001c0a0     libcpmt:xthrow.obj
 0005:000000a8       __guard_fids__             000000018001c0a8     LIBCMT:thread_safe_statics.obj
 0005:000000ac       __guard_fids_?__scrt_initialize_thread_safe_statics@@YAHXZ 000000018001c0ac     LIBCMT:thread_safe_statics.obj
 0005:000000b0       __guard_fids_?dllmain_crt_process_attach@@YAHQEAUHINSTANCE__@@QEAX@Z 000000018001c0b0     LIBCMT:dll_dllmain.obj
 0005:000000b8       __guard_fids_?dllmain_dispatch@@YAHQEAUHINSTANCE__@@KQEAX@Z 000000018001c0b8     LIBCMT:dll_dllmain.obj
 0005:000000bc       __guard_fids__             000000018001c0bc     LIBCMT:std_type_info_static.obj
 0005:000000c0       __guard_fids__             000000018001c0c0     LIBCMT:throw_bad_alloc.obj
 0005:000000c8       __guard_fids__             000000018001c0c8     LIBCMT:guard_support.obj
 0005:000000cc       __guard_fids___vcrt_initialize_ptd 000000018001c0cc     libvcruntime:per_thread_data.obj
 0007:00000060       $R000000                   000000018001e060     * linker generated manifest res *

 Exports

  ordinal    name

        1    _register_addon_
